%%%%%%%%%%%%%%%%%%%%%%%%%%%%%%%%%%%%%%%%%%%%%%%%%%%%%%%%%%%%%%%%%%%%%%%%%%%%%%%%
                          S u m m a r y   R e p o r t
%%%%%%%%%%%%%%%%%%%%%%%%%%%%%%%%%%%%%%%%%%%%%%%%%%%%%%%%%%%%%%%%%%%%%%%%%%%%%%%%

Compilation
-----------
File     : /lus/scratch/p02128/work/MiniGhost/source/MG_BSPMA_DIAGS.F
Compiled : 10/31/18  05:23:44
Compiler : Version 8.7.6
Ftnlx    : Version 8503 (libcif 85008)
Target   : x86-64
Command  : ftn_driver.exe -hcpu=broadwell -hstatic -D__CRAYXC
           -D__CRAY_BROADWELL -D__CRAYXT_COMPUTE_LINUX_TARGET -hnetwork=aries
           -D_MG_MPI -D_MG_INT4 -D_MG_REAL8 -ffree -hlist=a -c MG_BSPMA_DIAGS.F
           -I/opt/cray/pe/cce/8.7.6/cce/x86_64/include/craylibs -I/usr/include
           -I/usr/include -I/opt/cray/pe/mpt/7.7.3/gni/mpich-cray/8.6/include
           -I/opt/cray/pe/libsci/18.07.1/CRAY/8.6/x86_64/include
           -I/opt/cray/rca/2.2.18-6.0.7.0_33.3__g2aa4f39.ari/include
           -I/opt/cray/pe/pmi/5.0.14/include
           -I/opt/cray/xpmem/2.2.15-6.0.7.0_35.11__g7549d06.ari/include
           -I/opt/cray/dmapp/7.1.1-6.0.7.0_34.3__g5a674e0.ari/include
           -I/opt/cray/gni-headers/5.0.12.0-6.0.7.0_24.1__g3b1768f.ari/include
           -I/opt/cray/ugni/6.0.14.0-6.0.7.0_23.1__gea11d3d.ari/include
           -I/opt/cray/udreg/2.3.2-6.0.7.0_33.18__g5196236.ari/include
           -I/opt/cray/alps/6.6.43-6.0.7.0_26.4__ga796da3.ari/include
           -I/opt/cray/wlm_detect/1.3.3-6.0.7.0_47.2__g7109084.ari/include
           -I/opt/cray/krca/2.2.4-6.0.7.0_32.3__g8505b97.ari/include
           -I/opt/cray-hss-devel/8.0.0/include
Program
  Units  : MG_BSPMA_DIAGS_MOD

ftnlx report
------------
Source   : /lus/scratch/p02128/work/MiniGhost/source/MG_BSPMA_DIAGS.F
Date     : 10/31/2018  05:23:45


%%%%%%%%%%%%%%%%%%%%%%%%%%%%%%%%%%%%%%%%%%%%%%%%%%%%%%%%%%%%%%%%%%%%%%%%%%%%%%%%
                          O p t i o n s   R e p o r t
%%%%%%%%%%%%%%%%%%%%%%%%%%%%%%%%%%%%%%%%%%%%%%%%%%%%%%%%%%%%%%%%%%%%%%%%%%%%%%%%

Options :  -O cache2,scalar2,thread2,vector2,mpi0,modinline,ipa3,noaggress
           -O autoprefetch,noautothread,fusion2,nomsgs,nonegmsgs,nooverindex
           -O pattern,shortcircuit2,unroll2,nozeroinc
           -h noadd_paren,align_arrays,nobounds,caf,noconcurrent,nocontiguous
           -h nocontiguous_assumed_shape,fma,nofp_trap,nofunc_trace,noomp_analyz
           e
           -h noomp_trace,nopat_trace
           -h safe_addr,thread_do_concurrent,fp2=approx,flex_mp=default         
           -h alias=default:standard_restrict         
           -h static (or -static)
           -h omp,noacc
           -h cpu=x86-64,broadwell
           -h network=aries
           -K trap=none
           -s default32
           -eh
           -d abcdefgijmopqsvwzACEFIPQRST0
           -e nBDZ 
           -f free
           -m3
           -S /lus/scratch/tmp/pe_5314/MG_BSPMA_DIAGS_1.s


%%%%%%%%%%%%%%%%%%%%%%%%%%%%%%%%%%%%%%%%%%%%%%%%%%%%%%%%%%%%%%%%%%%%%%%%%%%%%%%%
                          S o u r c e   L i s t i n g
%%%%%%%%%%%%%%%%%%%%%%%%%%%%%%%%%%%%%%%%%%%%%%%%%%%%%%%%%%%%%%%%%%%%%%%%%%%%%%%%


     %%%    L o o p m a r k   L e g e n d    %%%

     Primary Loop Type        Modifiers
     ------- ---- ----        ---------
     A - Pattern matched      a - atomic memory operation
                              b - blocked
     C - Collapsed            c - conditional and/or computed
     D - Deleted               
     E - Cloned                
     F - Flat - No calls      f - fused
     G - Accelerated          g - partitioned
     I - Inlined              i - interchanged
     M - Multithreaded        m - partitioned
                              n - non-blocking remote transfer
                              p - partial
     R - Rerolling            r - unrolled
                              s - shortloop
     V - Vectorized           w - unwound

     + - More messages listed at end of listing
     ------------------------------------------


    1.            ! ************************************************************************
    2.            !
    3.            !               miniGhost: stencil computations with boundary exchange.
    4.            !                 Copyright (2012) Sandia Corporation
    5.            !
    6.            ! Under terms of Contract DE-AC04-94AL85000, there is a non-exclusive
    7.            ! license for use of this work by or on behalf of the U.S. Government.
    8.            !
    9.            ! This library is free software; you can redistribute it and/or modify
   10.            ! it under the terms of the GNU Lesser General Public License as
   11.            ! published by the Free Software Foundation; either version 2.1 of the
   12.            ! License, or (at your option) any later version.
   13.            !
   14.            ! This library is distributed in the hope that it will be useful, but
   15.            ! WITHOUT ANY WARRANTY; without even the implied warranty of
   16.            ! MERCHANTABILITY or FITNESS FOR A PARTICULAR PURPOSE.  See the GNU
   17.            ! Lesser General Public License for more details.
   18.            !
   19.            ! You should have received a copy of the GNU Lesser General Public
   20.            ! License along with this library; if not, write to the Free Software
   21.            ! Foundation, Inc., 59 Temple Place, Suite 330, Boston, MA 02111-1307
   22.            ! USA
   23.            ! Questions? Contact Richard F. Barrett (rfbarre@sandia.gov) or
   24.            !                    Michael A. Heroux (maherou@sandia.gov)
   25.            !
   26.            ! ************************************************************************
   27.            
   28.            MODULE MG_BSPMA_DIAGS_MOD
   29.            
   30.               ! BSPMA boundary exchange for 9- and 27-point stencils:    
   31.               !    pack, send, receive, unpack.
   32.               ! Coordinated exchange capturing diagonal elements in usual exchange.
   33.            
   34.               USE MG_CONSTANTS_MOD
   35.               USE MG_UTILS_MOD
   36.               USE MG_IRECV_MOD
   37.               USE MG_PACK_MOD
   38.               USE MG_SEND_BSPMA_MOD
   39.               USE MG_UNPACK_BSPMA_MOD
   40.            
   41.               IMPLICIT NONE
   42.            
   43.            CONTAINS
   44.               
   45.               SUBROUTINE MG_BSPMA_DIAGS ( IERR )
   46.               
   47.                  ! ---------------------
   48.                  ! Argument Declarations
   49.                  ! ---------------------
   50.            
   51.                  
   52.                  INTEGER, INTENT(OUT) :: &
   53.                     IERR           ! Return status
   54.            
   55.                  ! ------------------
   56.                  ! Local Declarations
   57.                  ! ------------------
   58.            
   59.                  INTEGER :: &
   60.                     I,           & ! Counter
   61.                     DIR(3)         ! Boundary exchange directions
   62.               
   63.                  ! ---------------------
   64.                  ! Executable Statements
   65.                  ! ---------------------
   66.            
   67.                  IERR = 0
   68.            
   69.                  COUNT_SEND_NORTH = 0
   70.                  COUNT_SEND_SOUTH = 0
   71.                  COUNT_SEND_EAST  = 0
   72.                  COUNT_SEND_WEST  = 0
   73.                  COUNT_SEND_BACK  = 0
   74.                  COUNT_SEND_FRONT = 0
   75.            
   76.                  DIR(1) = DIR_NORTH_SOUTH
   77.                  DIR(2) = DIR_EAST_WEST
   78.                  DIR(3) = DIR_BACK_FRONT
   79.            
   80.                  WRITE(*,*) ' MG_BSPMA_DIAGS'
   81.                  
   82.  + 1-----<       DO I = 1, 3
   83.    1       
   84.    1                ! Set only those neighbors participating in this iterative loop.
   85.    1 A--<>          NEIGHBORS = -1
   86.    1                SELECT CASE ( DIR(I) )
   87.    1                   CASE ( DIR_NORTH_SOUTH )
   88.    1                      NEIGHBORS(NORTH) = NEIGHBORS_ORIG(NORTH)
   89.    1                      NEIGHBORS(SOUTH) = NEIGHBORS_ORIG(SOUTH)
   90.    1                   CASE ( DIR_EAST_WEST )
   91.    1                      NEIGHBORS(EAST) = NEIGHBORS_ORIG(EAST)
   92.    1                      NEIGHBORS(WEST) = NEIGHBORS_ORIG(WEST)
   93.    1                   CASE ( DIR_BACK_FRONT )
   94.    1                      NEIGHBORS(BACK)  = NEIGHBORS_ORIG(BACK)
   95.    1                      NEIGHBORS(FRONT) = NEIGHBORS_ORIG(FRONT)
   96.    1                END SELECT
   97.    1       
   98.  + 1                CALL MG_IRECV ( IERR )
   99.    1       
  100.    1                IF ( NUM_VARS > 0 ) &
  101.  + 1                   CALL MG_PACK ( GRID1,  IERR )
  102.    1                IF ( NUM_VARS > 1 ) &
  103.  + 1                   CALL MG_PACK ( GRID2,  IERR )
  104.    1                IF ( NUM_VARS > 2 ) &
  105.  + 1                   CALL MG_PACK ( GRID3,  IERR )
  106.    1                IF ( NUM_VARS > 3 ) &
  107.  + 1                   CALL MG_PACK ( GRID4,  IERR )
  108.    1                IF ( NUM_VARS > 4 ) &
  109.  + 1                   CALL MG_PACK ( GRID5,  IERR )
  110.    1                IF ( NUM_VARS > 5 ) &
  111.  + 1                   CALL MG_PACK ( GRID6,  IERR )
  112.    1                IF ( NUM_VARS > 6 ) &
  113.  + 1                   CALL MG_PACK ( GRID7,  IERR )
  114.    1                IF ( NUM_VARS > 7 ) &
  115.  + 1                   CALL MG_PACK ( GRID8,  IERR )
  116.    1                IF ( NUM_VARS > 8 ) &
  117.  + 1                   CALL MG_PACK ( GRID9,  IERR )
  118.    1                IF ( NUM_VARS > 9 ) &
  119.  + 1                   CALL MG_PACK ( GRID10, IERR )
  120.    1          
  121.    1                IF ( NUM_VARS > 10 ) &
  122.  + 1                   CALL MG_PACK ( GRID11, IERR )
  123.    1                IF ( NUM_VARS > 11 ) &
  124.  + 1                   CALL MG_PACK ( GRID12, IERR )
  125.    1                IF ( NUM_VARS > 12 ) &
  126.  + 1                   CALL MG_PACK ( GRID13, IERR )
  127.    1                IF ( NUM_VARS > 13 ) &
  128.  + 1                   CALL MG_PACK ( GRID14, IERR )
  129.    1                IF ( NUM_VARS > 14 ) &
  130.  + 1                   CALL MG_PACK ( GRID15, IERR )
  131.    1                IF ( NUM_VARS > 15 ) &
  132.  + 1                   CALL MG_PACK ( GRID16, IERR )
  133.    1                IF ( NUM_VARS > 16 ) &
  134.  + 1                   CALL MG_PACK ( GRID17, IERR )
  135.    1                IF ( NUM_VARS > 17 ) &
  136.  + 1                   CALL MG_PACK ( GRID18, IERR )
  137.    1                IF ( NUM_VARS > 18 ) &
  138.  + 1                   CALL MG_PACK ( GRID19, IERR )
  139.    1                IF ( NUM_VARS > 19 ) &
  140.  + 1                   CALL MG_PACK ( GRID20, IERR )
  141.    1          
  142.    1                IF ( NUM_VARS > 20 ) &
  143.  + 1                   CALL MG_PACK ( GRID21, IERR )
  144.    1                IF ( NUM_VARS > 21 ) &
  145.  + 1                   CALL MG_PACK ( GRID22, IERR )
  146.    1                IF ( NUM_VARS > 22 ) &
  147.  + 1                   CALL MG_PACK ( GRID23, IERR )
  148.    1                IF ( NUM_VARS > 23 ) &
  149.  + 1                   CALL MG_PACK ( GRID24, IERR )
  150.    1                IF ( NUM_VARS > 24 ) &
  151.  + 1                   CALL MG_PACK ( GRID25, IERR )
  152.    1                IF ( NUM_VARS > 25 ) &
  153.  + 1                   CALL MG_PACK ( GRID26, IERR )
  154.    1                IF ( NUM_VARS > 26 ) &
  155.  + 1                   CALL MG_PACK ( GRID27, IERR )
  156.    1                IF ( NUM_VARS > 27 ) &
  157.  + 1                   CALL MG_PACK ( GRID28, IERR )
  158.    1                IF ( NUM_VARS > 28 ) &
  159.  + 1                   CALL MG_PACK ( GRID29, IERR )
  160.    1                IF ( NUM_VARS > 29 ) &
  161.  + 1                   CALL MG_PACK ( GRID30, IERR )
  162.    1          
  163.    1                IF ( NUM_VARS > 30 ) &
  164.  + 1                   CALL MG_PACK ( GRID31, IERR )
  165.    1                IF ( NUM_VARS > 31 ) &
  166.  + 1                   CALL MG_PACK ( GRID32, IERR )
  167.    1                IF ( NUM_VARS > 32 ) &
  168.  + 1                   CALL MG_PACK ( GRID33, IERR )
  169.    1                IF ( NUM_VARS > 33 ) &
  170.  + 1                   CALL MG_PACK ( GRID34, IERR )
  171.    1                IF ( NUM_VARS > 34 ) &
  172.  + 1                   CALL MG_PACK ( GRID35, IERR )
  173.    1                IF ( NUM_VARS > 35 ) &
  174.  + 1                   CALL MG_PACK ( GRID36, IERR )
  175.    1                IF ( NUM_VARS > 36 ) &
  176.  + 1                   CALL MG_PACK ( GRID37, IERR )
  177.    1                IF ( NUM_VARS > 37 ) &
  178.  + 1                   CALL MG_PACK ( GRID38, IERR )
  179.    1                IF ( NUM_VARS > 38 ) &
  180.  + 1                   CALL MG_PACK ( GRID39, IERR )
  181.    1                IF ( NUM_VARS > 39 ) &
  182.  + 1                   CALL MG_PACK ( GRID40, IERR )
  183.    1          
  184.  + 1                CALL MG_SEND_BSPMA ( IERR )
  185.    1          
  186.  + 1                CALL MG_UNPACK_BSPMA ( IERR )
  187.    1       
  188.    1----->       END DO ! Loop over DIR
  189.            
  190.    VR---<>       NEIGHBORS(NORTH) = NEIGHBORS_ORIG(NORTH)
  191.                  NEIGHBORS(SOUTH) = NEIGHBORS_ORIG(SOUTH)
  192.                  NEIGHBORS(EAST)  = NEIGHBORS_ORIG(EAST)
  193.                  NEIGHBORS(WEST)  = NEIGHBORS_ORIG(WEST)
  194.                  NEIGHBORS(FRONT) = NEIGHBORS_ORIG(FRONT)
  195.                  NEIGHBORS(BACK)  = NEIGHBORS_ORIG(BACK)
  196.            
  197.               END SUBROUTINE MG_BSPMA_DIAGS
  198.                  
  199.            END MODULE MG_BSPMA_DIAGS_MOD

ftn-6288 ftn: VECTOR MG_BSPMA_DIAGS, File = MG_BSPMA_DIAGS.F, Line = 82 
  A loop starting at line 82 was not vectorized because it contains a call to subroutine "mg_irecv" on line 98.

ftn-6202 ftn: VECTOR MG_BSPMA_DIAGS, File = MG_BSPMA_DIAGS.F, Line = 85 
  A loop starting at line 85 was replaced by a library call.

ftn-3118 ftn: IPA MG_BSPMA_DIAGS, File = MG_BSPMA_DIAGS.F, Line = 98, Column = 15 
  "mg_irecv" (called from "mg_bspma_diags") was not inlined because the call site will not flatten.  "mpi_wtime_" is missing.

ftn-3118 ftn: IPA MG_BSPMA_DIAGS, File = MG_BSPMA_DIAGS.F, Line = 101, Column = 18 
  "mg_pack" (called from "mg_bspma_diags") was not inlined because the call site will not flatten.  "mpi_wtime_" is missing.

ftn-3118 ftn: IPA MG_BSPMA_DIAGS, File = MG_BSPMA_DIAGS.F, Line = 103, Column = 18 
  "mg_pack" (called from "mg_bspma_diags") was not inlined because the call site will not flatten.  "mpi_wtime_" is missing.

ftn-3118 ftn: IPA MG_BSPMA_DIAGS, File = MG_BSPMA_DIAGS.F, Line = 105, Column = 18 
  "mg_pack" (called from "mg_bspma_diags") was not inlined because the call site will not flatten.  "mpi_wtime_" is missing.

ftn-3118 ftn: IPA MG_BSPMA_DIAGS, File = MG_BSPMA_DIAGS.F, Line = 107, Column = 18 
  "mg_pack" (called from "mg_bspma_diags") was not inlined because the call site will not flatten.  "mpi_wtime_" is missing.

ftn-3118 ftn: IPA MG_BSPMA_DIAGS, File = MG_BSPMA_DIAGS.F, Line = 109, Column = 18 
  "mg_pack" (called from "mg_bspma_diags") was not inlined because the call site will not flatten.  "mpi_wtime_" is missing.

ftn-3118 ftn: IPA MG_BSPMA_DIAGS, File = MG_BSPMA_DIAGS.F, Line = 111, Column = 18 
  "mg_pack" (called from "mg_bspma_diags") was not inlined because the call site will not flatten.  "mpi_wtime_" is missing.

ftn-3118 ftn: IPA MG_BSPMA_DIAGS, File = MG_BSPMA_DIAGS.F, Line = 113, Column = 18 
  "mg_pack" (called from "mg_bspma_diags") was not inlined because the call site will not flatten.  "mpi_wtime_" is missing.

ftn-3118 ftn: IPA MG_BSPMA_DIAGS, File = MG_BSPMA_DIAGS.F, Line = 115, Column = 18 
  "mg_pack" (called from "mg_bspma_diags") was not inlined because the call site will not flatten.  "mpi_wtime_" is missing.

ftn-3118 ftn: IPA MG_BSPMA_DIAGS, File = MG_BSPMA_DIAGS.F, Line = 117, Column = 18 
  "mg_pack" (called from "mg_bspma_diags") was not inlined because the call site will not flatten.  "mpi_wtime_" is missing.

ftn-3118 ftn: IPA MG_BSPMA_DIAGS, File = MG_BSPMA_DIAGS.F, Line = 119, Column = 18 
  "mg_pack" (called from "mg_bspma_diags") was not inlined because the call site will not flatten.  "mpi_wtime_" is missing.

ftn-3118 ftn: IPA MG_BSPMA_DIAGS, File = MG_BSPMA_DIAGS.F, Line = 122, Column = 18 
  "mg_pack" (called from "mg_bspma_diags") was not inlined because the call site will not flatten.  "mpi_wtime_" is missing.

ftn-3118 ftn: IPA MG_BSPMA_DIAGS, File = MG_BSPMA_DIAGS.F, Line = 124, Column = 18 
  "mg_pack" (called from "mg_bspma_diags") was not inlined because the call site will not flatten.  "mpi_wtime_" is missing.

ftn-3118 ftn: IPA MG_BSPMA_DIAGS, File = MG_BSPMA_DIAGS.F, Line = 126, Column = 18 
  "mg_pack" (called from "mg_bspma_diags") was not inlined because the call site will not flatten.  "mpi_wtime_" is missing.

ftn-3118 ftn: IPA MG_BSPMA_DIAGS, File = MG_BSPMA_DIAGS.F, Line = 128, Column = 18 
  "mg_pack" (called from "mg_bspma_diags") was not inlined because the call site will not flatten.  "mpi_wtime_" is missing.

ftn-3118 ftn: IPA MG_BSPMA_DIAGS, File = MG_BSPMA_DIAGS.F, Line = 130, Column = 18 
  "mg_pack" (called from "mg_bspma_diags") was not inlined because the call site will not flatten.  "mpi_wtime_" is missing.

ftn-3118 ftn: IPA MG_BSPMA_DIAGS, File = MG_BSPMA_DIAGS.F, Line = 132, Column = 18 
  "mg_pack" (called from "mg_bspma_diags") was not inlined because the call site will not flatten.  "mpi_wtime_" is missing.

ftn-3118 ftn: IPA MG_BSPMA_DIAGS, File = MG_BSPMA_DIAGS.F, Line = 134, Column = 18 
  "mg_pack" (called from "mg_bspma_diags") was not inlined because the call site will not flatten.  "mpi_wtime_" is missing.

ftn-3118 ftn: IPA MG_BSPMA_DIAGS, File = MG_BSPMA_DIAGS.F, Line = 136, Column = 18 
  "mg_pack" (called from "mg_bspma_diags") was not inlined because the call site will not flatten.  "mpi_wtime_" is missing.

ftn-3118 ftn: IPA MG_BSPMA_DIAGS, File = MG_BSPMA_DIAGS.F, Line = 138, Column = 18 
  "mg_pack" (called from "mg_bspma_diags") was not inlined because the call site will not flatten.  "mpi_wtime_" is missing.

ftn-3118 ftn: IPA MG_BSPMA_DIAGS, File = MG_BSPMA_DIAGS.F, Line = 140, Column = 18 
  "mg_pack" (called from "mg_bspma_diags") was not inlined because the call site will not flatten.  "mpi_wtime_" is missing.

ftn-3118 ftn: IPA MG_BSPMA_DIAGS, File = MG_BSPMA_DIAGS.F, Line = 143, Column = 18 
  "mg_pack" (called from "mg_bspma_diags") was not inlined because the call site will not flatten.  "mpi_wtime_" is missing.

ftn-3118 ftn: IPA MG_BSPMA_DIAGS, File = MG_BSPMA_DIAGS.F, Line = 145, Column = 18 
  "mg_pack" (called from "mg_bspma_diags") was not inlined because the call site will not flatten.  "mpi_wtime_" is missing.

ftn-3118 ftn: IPA MG_BSPMA_DIAGS, File = MG_BSPMA_DIAGS.F, Line = 147, Column = 18 
  "mg_pack" (called from "mg_bspma_diags") was not inlined because the call site will not flatten.  "mpi_wtime_" is missing.

ftn-3118 ftn: IPA MG_BSPMA_DIAGS, File = MG_BSPMA_DIAGS.F, Line = 149, Column = 18 
  "mg_pack" (called from "mg_bspma_diags") was not inlined because the call site will not flatten.  "mpi_wtime_" is missing.

ftn-3118 ftn: IPA MG_BSPMA_DIAGS, File = MG_BSPMA_DIAGS.F, Line = 151, Column = 18 
  "mg_pack" (called from "mg_bspma_diags") was not inlined because the call site will not flatten.  "mpi_wtime_" is missing.

ftn-3118 ftn: IPA MG_BSPMA_DIAGS, File = MG_BSPMA_DIAGS.F, Line = 153, Column = 18 
  "mg_pack" (called from "mg_bspma_diags") was not inlined because the call site will not flatten.  "mpi_wtime_" is missing.

ftn-3118 ftn: IPA MG_BSPMA_DIAGS, File = MG_BSPMA_DIAGS.F, Line = 155, Column = 18 
  "mg_pack" (called from "mg_bspma_diags") was not inlined because the call site will not flatten.  "mpi_wtime_" is missing.

ftn-3118 ftn: IPA MG_BSPMA_DIAGS, File = MG_BSPMA_DIAGS.F, Line = 157, Column = 18 
  "mg_pack" (called from "mg_bspma_diags") was not inlined because the call site will not flatten.  "mpi_wtime_" is missing.

ftn-3118 ftn: IPA MG_BSPMA_DIAGS, File = MG_BSPMA_DIAGS.F, Line = 159, Column = 18 
  "mg_pack" (called from "mg_bspma_diags") was not inlined because the call site will not flatten.  "mpi_wtime_" is missing.

ftn-3118 ftn: IPA MG_BSPMA_DIAGS, File = MG_BSPMA_DIAGS.F, Line = 161, Column = 18 
  "mg_pack" (called from "mg_bspma_diags") was not inlined because the call site will not flatten.  "mpi_wtime_" is missing.

ftn-3118 ftn: IPA MG_BSPMA_DIAGS, File = MG_BSPMA_DIAGS.F, Line = 164, Column = 18 
  "mg_pack" (called from "mg_bspma_diags") was not inlined because the call site will not flatten.  "mpi_wtime_" is missing.

ftn-3118 ftn: IPA MG_BSPMA_DIAGS, File = MG_BSPMA_DIAGS.F, Line = 166, Column = 18 
  "mg_pack" (called from "mg_bspma_diags") was not inlined because the call site will not flatten.  "mpi_wtime_" is missing.

ftn-3118 ftn: IPA MG_BSPMA_DIAGS, File = MG_BSPMA_DIAGS.F, Line = 168, Column = 18 
  "mg_pack" (called from "mg_bspma_diags") was not inlined because the call site will not flatten.  "mpi_wtime_" is missing.

ftn-3118 ftn: IPA MG_BSPMA_DIAGS, File = MG_BSPMA_DIAGS.F, Line = 170, Column = 18 
  "mg_pack" (called from "mg_bspma_diags") was not inlined because the call site will not flatten.  "mpi_wtime_" is missing.

ftn-3118 ftn: IPA MG_BSPMA_DIAGS, File = MG_BSPMA_DIAGS.F, Line = 172, Column = 18 
  "mg_pack" (called from "mg_bspma_diags") was not inlined because the call site will not flatten.  "mpi_wtime_" is missing.

ftn-3118 ftn: IPA MG_BSPMA_DIAGS, File = MG_BSPMA_DIAGS.F, Line = 174, Column = 18 
  "mg_pack" (called from "mg_bspma_diags") was not inlined because the call site will not flatten.  "mpi_wtime_" is missing.

ftn-3118 ftn: IPA MG_BSPMA_DIAGS, File = MG_BSPMA_DIAGS.F, Line = 176, Column = 18 
  "mg_pack" (called from "mg_bspma_diags") was not inlined because the call site will not flatten.  "mpi_wtime_" is missing.

ftn-3118 ftn: IPA MG_BSPMA_DIAGS, File = MG_BSPMA_DIAGS.F, Line = 178, Column = 18 
  "mg_pack" (called from "mg_bspma_diags") was not inlined because the call site will not flatten.  "mpi_wtime_" is missing.

ftn-3118 ftn: IPA MG_BSPMA_DIAGS, File = MG_BSPMA_DIAGS.F, Line = 180, Column = 18 
  "mg_pack" (called from "mg_bspma_diags") was not inlined because the call site will not flatten.  "mpi_wtime_" is missing.

ftn-3118 ftn: IPA MG_BSPMA_DIAGS, File = MG_BSPMA_DIAGS.F, Line = 182, Column = 18 
  "mg_pack" (called from "mg_bspma_diags") was not inlined because the call site will not flatten.  "mpi_wtime_" is missing.

ftn-3118 ftn: IPA MG_BSPMA_DIAGS, File = MG_BSPMA_DIAGS.F, Line = 184, Column = 15 
  "mg_send_bspma" (called from "mg_bspma_diags") was not inlined because the call site will not flatten.  "mpi_wtime_" is missing.

ftn-3118 ftn: IPA MG_BSPMA_DIAGS, File = MG_BSPMA_DIAGS.F, Line = 186, Column = 15 
  "mg_unpack_bspma" (called from "mg_bspma_diags") was not inlined because the call site will not flatten.  "mpi_wtime_" is
  missing.

ftn-6079 ftn: SCALAR MG_BSPMA_DIAGS, File = MG_BSPMA_DIAGS.F, Line = 190 
  A loop starting at line 190 was created by rerolling 5 statements.

ftn-6204 ftn: VECTOR MG_BSPMA_DIAGS, File = MG_BSPMA_DIAGS.F, Line = 190 
  A loop starting at line 190 was vectorized.



%%%%%%%%%%%%%%%%%%%%%%%%%%%%%%%%%%%%%%%%%%%%%%%%%%%%%%%%%%%%%%%%%%%%%%%%%%%%%%%%
            C r o s s   R e f e r e n c e   for   MG_BSPMA_DIAGS_MOD
%%%%%%%%%%%%%%%%%%%%%%%%%%%%%%%%%%%%%%%%%%%%%%%%%%%%%%%%%%%%%%%%%%%%%%%%%%%%%%%%

Name                                      Storage/Owner                   
----                                      -------------                   

BACK                                      Module MG_CONSTANTS_MOD         
  Parameter, Integer(kind=4), Use assoc
  Declared  
  Defined   
  Referenced      94     195
  Referenced in contained procedure

COUNT_SEND_BACK                           Module MG_CONSTANTS_MOD         
  Integer(kind=4), Use assoc
  Declared  
  Defined         73
  Referenced
  Referenced in contained procedure

COUNT_SEND_EAST                           Module MG_CONSTANTS_MOD         
  Integer(kind=4), Use assoc
  Declared  
  Defined         71
  Referenced
  Referenced in contained procedure

COUNT_SEND_FRONT                          Module MG_CONSTANTS_MOD         
  Integer(kind=4), Use assoc
  Declared  
  Defined         74
  Referenced
  Referenced in contained procedure

COUNT_SEND_NORTH                          Module MG_CONSTANTS_MOD         
  Integer(kind=4), Use assoc
  Declared  
  Defined         69
  Referenced
  Referenced in contained procedure

COUNT_SEND_SOUTH                          Module MG_CONSTANTS_MOD         
  Integer(kind=4), Use assoc
  Declared  
  Defined         70
  Referenced
  Referenced in contained procedure

COUNT_SEND_WEST                           Module MG_CONSTANTS_MOD         
  Integer(kind=4), Use assoc
  Declared  
  Defined         72
  Referenced
  Referenced in contained procedure

DIR                                       Stack                           
  Variable, Integer, Dimension(3)
  Declared        61
  Defined         76      77      78
  Referenced      86

DIR_BACK_FRONT                            Module MG_CONSTANTS_MOD         
  Parameter, Integer(kind=4), Use assoc
  Declared  
  Defined   
  Referenced      78      93
  Referenced in contained procedure

DIR_EAST_WEST                             Module MG_CONSTANTS_MOD         
  Parameter, Integer(kind=4), Use assoc
  Declared  
  Defined   
  Referenced      77      90
  Referenced in contained procedure

DIR_NORTH_SOUTH                           Module MG_CONSTANTS_MOD         
  Parameter, Integer(kind=4), Use assoc
  Declared  
  Defined   
  Referenced      76      87
  Referenced in contained procedure

EAST                                      Module MG_CONSTANTS_MOD         
  Parameter, Integer(kind=4), Use assoc
  Declared  
  Defined   
  Referenced      91     192
  Referenced in contained procedure

FRONT                                     Module MG_CONSTANTS_MOD         
  Parameter, Integer(kind=4), Use assoc
  Declared  
  Defined   
  Referenced      95     194
  Referenced in contained procedure

GRID1                                     Module MG_CONSTANTS_MOD         
  Real(kind=8), Use assoc, Dimension(:,:,:), Allocatable
  Declared  
  Defined   
  Referenced     101
  Referenced in contained procedure

GRID10                                    Module MG_CONSTANTS_MOD         
  Real(kind=8), Use assoc, Dimension(:,:,:), Allocatable
  Declared  
  Defined   
  Referenced     119
  Referenced in contained procedure

GRID11                                    Module MG_CONSTANTS_MOD         
  Real(kind=8), Use assoc, Dimension(:,:,:), Allocatable
  Declared  
  Defined   
  Referenced     122
  Referenced in contained procedure

GRID12                                    Module MG_CONSTANTS_MOD         
  Real(kind=8), Use assoc, Dimension(:,:,:), Allocatable
  Declared  
  Defined   
  Referenced     124
  Referenced in contained procedure

GRID13                                    Module MG_CONSTANTS_MOD         
  Real(kind=8), Use assoc, Dimension(:,:,:), Allocatable
  Declared  
  Defined   
  Referenced     126
  Referenced in contained procedure

GRID14                                    Module MG_CONSTANTS_MOD         
  Real(kind=8), Use assoc, Dimension(:,:,:), Allocatable
  Declared  
  Defined   
  Referenced     128
  Referenced in contained procedure

GRID15                                    Module MG_CONSTANTS_MOD         
  Real(kind=8), Use assoc, Dimension(:,:,:), Allocatable
  Declared  
  Defined   
  Referenced     130
  Referenced in contained procedure

GRID16                                    Module MG_CONSTANTS_MOD         
  Real(kind=8), Use assoc, Dimension(:,:,:), Allocatable
  Declared  
  Defined   
  Referenced     132
  Referenced in contained procedure

GRID17                                    Module MG_CONSTANTS_MOD         
  Real(kind=8), Use assoc, Dimension(:,:,:), Allocatable
  Declared  
  Defined   
  Referenced     134
  Referenced in contained procedure

GRID18                                    Module MG_CONSTANTS_MOD         
  Real(kind=8), Use assoc, Dimension(:,:,:), Allocatable
  Declared  
  Defined   
  Referenced     136
  Referenced in contained procedure

GRID19                                    Module MG_CONSTANTS_MOD         
  Real(kind=8), Use assoc, Dimension(:,:,:), Allocatable
  Declared  
  Defined   
  Referenced     138
  Referenced in contained procedure

GRID2                                     Module MG_CONSTANTS_MOD         
  Real(kind=8), Use assoc, Dimension(:,:,:), Allocatable
  Declared  
  Defined   
  Referenced     103
  Referenced in contained procedure

GRID20                                    Module MG_CONSTANTS_MOD         
  Real(kind=8), Use assoc, Dimension(:,:,:), Allocatable
  Declared  
  Defined   
  Referenced     140
  Referenced in contained procedure

GRID21                                    Module MG_CONSTANTS_MOD         
  Real(kind=8), Use assoc, Dimension(:,:,:), Allocatable
  Declared  
  Defined   
  Referenced     143
  Referenced in contained procedure

GRID22                                    Module MG_CONSTANTS_MOD         
  Real(kind=8), Use assoc, Dimension(:,:,:), Allocatable
  Declared  
  Defined   
  Referenced     145
  Referenced in contained procedure

GRID23                                    Module MG_CONSTANTS_MOD         
  Real(kind=8), Use assoc, Dimension(:,:,:), Allocatable
  Declared  
  Defined   
  Referenced     147
  Referenced in contained procedure

GRID24                                    Module MG_CONSTANTS_MOD         
  Real(kind=8), Use assoc, Dimension(:,:,:), Allocatable
  Declared  
  Defined   
  Referenced     149
  Referenced in contained procedure

GRID25                                    Module MG_CONSTANTS_MOD         
  Real(kind=8), Use assoc, Dimension(:,:,:), Allocatable
  Declared  
  Defined   
  Referenced     151
  Referenced in contained procedure

GRID26                                    Module MG_CONSTANTS_MOD         
  Real(kind=8), Use assoc, Dimension(:,:,:), Allocatable
  Declared  
  Defined   
  Referenced     153
  Referenced in contained procedure

GRID27                                    Module MG_CONSTANTS_MOD         
  Real(kind=8), Use assoc, Dimension(:,:,:), Allocatable
  Declared  
  Defined   
  Referenced     155
  Referenced in contained procedure

GRID28                                    Module MG_CONSTANTS_MOD         
  Real(kind=8), Use assoc, Dimension(:,:,:), Allocatable
  Declared  
  Defined   
  Referenced     157
  Referenced in contained procedure

GRID29                                    Module MG_CONSTANTS_MOD         
  Real(kind=8), Use assoc, Dimension(:,:,:), Allocatable
  Declared  
  Defined   
  Referenced     159
  Referenced in contained procedure

GRID3                                     Module MG_CONSTANTS_MOD         
  Real(kind=8), Use assoc, Dimension(:,:,:), Allocatable
  Declared  
  Defined   
  Referenced     105
  Referenced in contained procedure

GRID30                                    Module MG_CONSTANTS_MOD         
  Real(kind=8), Use assoc, Dimension(:,:,:), Allocatable
  Declared  
  Defined   
  Referenced     161
  Referenced in contained procedure

GRID31                                    Module MG_CONSTANTS_MOD         
  Real(kind=8), Use assoc, Dimension(:,:,:), Allocatable
  Declared  
  Defined   
  Referenced     164
  Referenced in contained procedure

GRID32                                    Module MG_CONSTANTS_MOD         
  Real(kind=8), Use assoc, Dimension(:,:,:), Allocatable
  Declared  
  Defined   
  Referenced     166
  Referenced in contained procedure

GRID33                                    Module MG_CONSTANTS_MOD         
  Real(kind=8), Use assoc, Dimension(:,:,:), Allocatable
  Declared  
  Defined   
  Referenced     168
  Referenced in contained procedure

GRID34                                    Module MG_CONSTANTS_MOD         
  Real(kind=8), Use assoc, Dimension(:,:,:), Allocatable
  Declared  
  Defined   
  Referenced     170
  Referenced in contained procedure

GRID35                                    Module MG_CONSTANTS_MOD         
  Real(kind=8), Use assoc, Dimension(:,:,:), Allocatable
  Declared  
  Defined   
  Referenced     172
  Referenced in contained procedure

GRID36                                    Module MG_CONSTANTS_MOD         
  Real(kind=8), Use assoc, Dimension(:,:,:), Allocatable
  Declared  
  Defined   
  Referenced     174
  Referenced in contained procedure

GRID37                                    Module MG_CONSTANTS_MOD         
  Real(kind=8), Use assoc, Dimension(:,:,:), Allocatable
  Declared  
  Defined   
  Referenced     176
  Referenced in contained procedure

GRID38                                    Module MG_CONSTANTS_MOD         
  Real(kind=8), Use assoc, Dimension(:,:,:), Allocatable
  Declared  
  Defined   
  Referenced     178
  Referenced in contained procedure

GRID39                                    Module MG_CONSTANTS_MOD         
  Real(kind=8), Use assoc, Dimension(:,:,:), Allocatable
  Declared  
  Defined   
  Referenced     180
  Referenced in contained procedure

GRID4                                     Module MG_CONSTANTS_MOD         
  Real(kind=8), Use assoc, Dimension(:,:,:), Allocatable
  Declared  
  Defined   
  Referenced     107
  Referenced in contained procedure

GRID40                                    Module MG_CONSTANTS_MOD         
  Real(kind=8), Use assoc, Dimension(:,:,:), Allocatable
  Declared  
  Defined   
  Referenced     182
  Referenced in contained procedure

GRID5                                     Module MG_CONSTANTS_MOD         
  Real(kind=8), Use assoc, Dimension(:,:,:), Allocatable
  Declared  
  Defined   
  Referenced     109
  Referenced in contained procedure

GRID6                                     Module MG_CONSTANTS_MOD         
  Real(kind=8), Use assoc, Dimension(:,:,:), Allocatable
  Declared  
  Defined   
  Referenced     111
  Referenced in contained procedure

GRID7                                     Module MG_CONSTANTS_MOD         
  Real(kind=8), Use assoc, Dimension(:,:,:), Allocatable
  Declared  
  Defined   
  Referenced     113
  Referenced in contained procedure

GRID8                                     Module MG_CONSTANTS_MOD         
  Real(kind=8), Use assoc, Dimension(:,:,:), Allocatable
  Declared  
  Defined   
  Referenced     115
  Referenced in contained procedure

GRID9                                     Module MG_CONSTANTS_MOD         
  Real(kind=8), Use assoc, Dimension(:,:,:), Allocatable
  Declared  
  Defined   
  Referenced     117
  Referenced in contained procedure

I                                         Stack                           
  Variable, Integer
  Declared        60
  Defined   
  Referenced      86

IERR                                      MG_BSPMA_DIAGS                  
  Dummy Argument, Integer, Intent(out)
  Declared        45      53
  Defined         67
  Referenced      98     101     103     105     107     109     111     113     115     117     119     122     124     126     128
           130     132     134     136     138     140     143     145     147     149     151     153     155     157     159
           161     164     166     168     170     172     174     176     178     180     182     184     186

MG_BSPMA_DIAGS                                                            
  Subroutine, Module procedure
  Declared        45
  Defined   
  Referenced

MG_BSPMA_DIAGS_MOD                                                        
  Module
  Declared        28
  Defined   
  Referenced

MG_CONSTANTS_MOD                                                          
  Module
  Declared  
  Defined   
  Referenced      34

MG_CONSTANTS_MOD                                                          
  Module, Used indirectly (from module MG_SEND_BSPMA_MOD)
  Declared  
  Defined   
  Referenced

MG_CONSTANTS_MOD                                                          
  Module, Used indirectly (from module MG_UNPACK_BSPMA_MOD)
  Declared  
  Defined   
  Referenced

MG_CONSTANTS_MOD                                                          
  Module, Used indirectly (from module MG_UTILS_MOD)
  Declared  
  Defined   
  Referenced

MG_CONSTANTS_MOD                                                          
  Module, Used indirectly (from module MG_IRECV_MOD)
  Declared  
  Defined   
  Referenced

MG_CONSTANTS_MOD                                                          
  Module, Used indirectly (from module MG_PACK_MOD)
  Declared  
  Defined   
  Referenced

MG_ENV_MOD                                                                
  Module, Used indirectly (from module MG_PACK_MOD)
  Declared  
  Defined   
  Referenced

MG_ENV_MOD                                                                
  Module, Used indirectly (from module MG_IRECV_MOD)
  Declared  
  Defined   
  Referenced

MG_ENV_MOD                                                                
  Module, Used indirectly (from module MG_SEND_BSPMA_MOD)
  Declared  
  Defined   
  Referenced

MG_ENV_MOD                                                                
  Module, Used indirectly (from module MG_UNPACK_BSPMA_MOD)
  Declared  
  Defined   
  Referenced

MG_GET_FACE_MOD                                                           
  Module, Used indirectly (from module MG_UNPACK_BSPMA_MOD)
  Declared  
  Defined   
  Referenced

MG_IRECV                                  Module MG_IRECV_MOD             
  Subroutine, Module procedure
  Declared  
  Defined   
  Referenced      98

MG_IRECV                                  Module MG_IRECV_MOD             
  Subroutine, Module procedure
  Declared  
  Defined   
  Referenced      98

MG_IRECV_MOD                                                              
  Module
  Declared  
  Defined   
  Referenced      36

MG_OPTIONS_MOD                                                            
  Module, Used indirectly (from module MG_UNPACK_BSPMA_MOD)
  Declared  
  Defined   
  Referenced

MG_OPTIONS_MOD                                                            
  Module, Used indirectly (from module MG_SEND_BSPMA_MOD)
  Declared  
  Defined   
  Referenced

MG_OPTIONS_MOD                                                            
  Module, Used indirectly (from module MG_PACK_MOD)
  Declared  
  Defined   
  Referenced

MG_OPTIONS_MOD                                                            
  Module, Used indirectly (from module MG_IRECV_MOD)
  Declared  
  Defined   
  Referenced

MG_OPTIONS_MOD                                                            
  Module, Used indirectly (from module MG_UTILS_MOD)
  Declared  
  Defined   
  Referenced

MG_PACK                                   Module MG_PACK_MOD              
  Subroutine, Module procedure
  Declared  
  Defined   
  Referenced     101     101     103     103     105     105     107     107     109     109     111     111     113     113     115
           115     117     117     119     119     122     122     124     124     126     126     128     128     130     130
           132     132     134     134     136     136     138     138     140     140     143     143     145     145     147
           147     149     149     151     151     153     153     155     155     157     157     159     159     161     161
           164     164     166     166     168     168     170     170     172     172     174     174     176     176     178
           178     180     180     182     182

MG_PACK                                   Module MG_PACK_MOD              
  Subroutine, Module procedure
  Declared  
  Defined   
  Referenced     101     101     103     103     105     105     107     107     109     109     111     111     113     113     115
           115     117     117     119     119     122     122     124     124     126     126     128     128     130     130
           132     132     134     134     136     136     138     138     140     140     143     143     145     145     147
           147     149     149     151     151     153     153     155     155     157     157     159     159     161     161
           164     164     166     166     168     168     170     170     172     172     174     174     176     176     178
           178     180     180     182     182

MG_PACK_MOD                                                               
  Module
  Declared  
  Defined   
  Referenced      37

MG_PROFILING_MOD                                                          
  Module, Used indirectly (from module MG_UNPACK_BSPMA_MOD)
  Declared  
  Defined   
  Referenced

MG_PROFILING_MOD                                                          
  Module, Used indirectly (from module MG_IRECV_MOD)
  Declared  
  Defined   
  Referenced

MG_PROFILING_MOD                                                          
  Module, Used indirectly (from module MG_SEND_BSPMA_MOD)
  Declared  
  Defined   
  Referenced

MG_PROFILING_MOD                                                          
  Module, Used indirectly (from module MG_PACK_MOD)
  Declared  
  Defined   
  Referenced

MG_SEND_BSPMA                             Module MG_SEND_BSPMA_MOD        
  Subroutine, Module procedure
  Declared  
  Defined   
  Referenced     184

MG_SEND_BSPMA                             Module MG_SEND_BSPMA_MOD        
  Subroutine, Module procedure
  Declared  
  Defined   
  Referenced     184

MG_SEND_BSPMA_MOD                                                         
  Module
  Declared  
  Defined   
  Referenced      38

MG_UNPACK_BSPMA                           Module MG_UNPACK_BSPMA_MOD      
  Subroutine, Module procedure
  Declared  
  Defined   
  Referenced     186

MG_UNPACK_BSPMA                           Module MG_UNPACK_BSPMA_MOD      
  Subroutine, Module procedure
  Declared  
  Defined   
  Referenced     186

MG_UNPACK_BSPMA_MOD                                                       
  Module
  Declared  
  Defined   
  Referenced      39

MG_UTILS_MOD                                                              
  Module, Used indirectly (from module MG_SEND_BSPMA_MOD)
  Declared  
  Defined   
  Referenced

MG_UTILS_MOD                                                              
  Module, Used indirectly (from module MG_UNPACK_BSPMA_MOD)
  Declared  
  Defined   
  Referenced

MG_UTILS_MOD                                                              
  Module
  Declared  
  Defined   
  Referenced      35

MG_UTILS_MOD                                                              
  Module, Used indirectly (from module MG_PACK_MOD)
  Declared  
  Defined   
  Referenced

MG_UTILS_MOD                                                              
  Module, Used indirectly (from module MG_IRECV_MOD)
  Declared  
  Defined   
  Referenced

MPIFCMB5                                  Module MG_CONSTANTS_MOD         
  Common block 
  Declared  
  Defined   
  Referenced

MPIFCMB9                                  Module MG_CONSTANTS_MOD         
  Common block 
  Declared  
  Defined   
  Referenced

MPIPRIV1                                  Module MG_CONSTANTS_MOD         
  Common block 
  Declared  
  Defined   
  Referenced

MPIPRIV2                                  Module MG_CONSTANTS_MOD         
  Common block 
  Declared  
  Defined   
  Referenced

MPIPRIVC                                  Module MG_CONSTANTS_MOD         
  Common block 
  Declared  
  Defined   
  Referenced

NEIGHBORS                                 Module MG_CONSTANTS_MOD         
  Integer(kind=4), Use assoc, Dimension(:), Allocatable
  Declared  
  Defined         85      88      89      91      92      94      95     190     191     192     193     194     195
  Referenced
  Referenced in contained procedure

NEIGHBORS_ORIG                            Module MG_CONSTANTS_MOD         
  Integer(kind=4), Use assoc, Dimension(:), Allocatable
  Declared  
  Defined   
  Referenced      88      89      91      92      94      95     190     191     192     193     194     195
  Referenced in contained procedure

NORTH                                     Module MG_CONSTANTS_MOD         
  Parameter, Integer(kind=4), Use assoc
  Declared  
  Defined   
  Referenced      88     190
  Referenced in contained procedure

NUM_VARS                                  Module MG_OPTIONS_MOD           
  Integer, Use assoc
  Declared  
  Defined   
  Referenced     100     102     104     106     108     110     112     114     116     118     121     123     125     127     129
           131     133     135     137     139     142     144     146     148     150     152     154     156     158     160
           163     165     167     169     171     173     175     177     179     181
  Referenced in contained procedure

SOUTH                                     Module MG_CONSTANTS_MOD         
  Parameter, Integer(kind=4), Use assoc
  Declared  
  Defined   
  Referenced      89     191
  Referenced in contained procedure

WEST                                      Module MG_CONSTANTS_MOD         
  Parameter, Integer(kind=4), Use assoc
  Declared  
  Defined   
  Referenced      92     193
  Referenced in contained procedure


%%%%%%%%%%%%%%%%%%%%%%%%%%%%%%%%%%%%%%%%%%%%%%%%%%%%%%%%%%%%%%%%%%%%%%%%%%%%%%%%
                     C o m m o n   B l o c k   R e p o r t
%%%%%%%%%%%%%%%%%%%%%%%%%%%%%%%%%%%%%%%%%%%%%%%%%%%%%%%%%%%%%%%%%%%%%%%%%%%%%%%%

Blk  Program Unit                     Messages
---  ------------                     --------
/MPIFCMB5/                            Length: 4 bytes

     MG_BSPMA_DIAGS_MOD               Block is used from MG_CONSTANTS_MOD

Blk  Program Unit                     Messages
---  ------------                     --------
/MPIFCMB9/                            Length: 4 bytes

     MG_BSPMA_DIAGS_MOD               Block is used from MG_CONSTANTS_MOD

Blk  Program Unit                     Messages
---  ------------                     --------
/MPIPRIV1/                            Length: 28 bytes

     MG_BSPMA_DIAGS_MOD               Block is used from MG_CONSTANTS_MOD

Blk  Program Unit                     Messages
---  ------------                     --------
/MPIPRIV2/                            Length: 24 bytes

     MG_BSPMA_DIAGS_MOD               Block is used from MG_CONSTANTS_MOD

Blk  Program Unit                     Messages
---  ------------                     --------
/MPIPRIVC/                            Length: 2 bytes

     MG_BSPMA_DIAGS_MOD               Block is used from MG_CONSTANTS_MOD


%%%%%%%%%%%%%%%%%%%%%%%%%%%%%%%%%%%%%%%%%%%%%%%%%%%%%%%%%%%%%%%%%%%%%%%%%%%%%%%%
                         E x t e r n a l   R e p o r t
%%%%%%%%%%%%%%%%%%%%%%%%%%%%%%%%%%%%%%%%%%%%%%%%%%%%%%%%%%%%%%%%%%%%%%%%%%%%%%%%

Name  Messages
----  --------
ENV in MG_ENV_MOD
      Defined as:  No definitions.

                   No calls.  It is not called and does not use any procedure.

      Interface:   None

Name  Messages
----  --------
GET_FACE in MG_GET_FACE_MOD
      Defined as:  No definitions.

                   No calls.  It is not called and does not use any procedure.

      Interface:   None

Name  Messages
----  --------
MG_ASSERT in MG_UTILS_MOD
      Defined as:  No definitions.

                   No calls.  It is not called and does not use any procedure.

      Interface:   None

Name  Messages
----  --------
MG_BSPMA_DIAGS in MG_BSPMA_DIAGS_MOD
      Defined as:  Subroutine (line 45, file MG_BSPMA_DIAGS.F)

      Interface:   None

      Calls:       MG_IRECV in MG_IRECV_MOD (Line 98, file MG_BSPMA_DIAGS.F)
                   MG_PACK in MG_PACK_MOD (Line 101, file MG_BSPMA_DIAGS.F)
                   MG_PACK in MG_PACK_MOD (Line 103, file MG_BSPMA_DIAGS.F)
                   MG_PACK in MG_PACK_MOD (Line 105, file MG_BSPMA_DIAGS.F)
                   MG_PACK in MG_PACK_MOD (Line 107, file MG_BSPMA_DIAGS.F)
                   MG_PACK in MG_PACK_MOD (Line 109, file MG_BSPMA_DIAGS.F)
                   MG_PACK in MG_PACK_MOD (Line 111, file MG_BSPMA_DIAGS.F)
                   MG_PACK in MG_PACK_MOD (Line 113, file MG_BSPMA_DIAGS.F)
                   MG_PACK in MG_PACK_MOD (Line 115, file MG_BSPMA_DIAGS.F)
                   MG_PACK in MG_PACK_MOD (Line 117, file MG_BSPMA_DIAGS.F)
                   MG_PACK in MG_PACK_MOD (Line 119, file MG_BSPMA_DIAGS.F)
                   MG_PACK in MG_PACK_MOD (Line 122, file MG_BSPMA_DIAGS.F)
                   MG_PACK in MG_PACK_MOD (Line 124, file MG_BSPMA_DIAGS.F)
                   MG_PACK in MG_PACK_MOD (Line 126, file MG_BSPMA_DIAGS.F)
                   MG_PACK in MG_PACK_MOD (Line 128, file MG_BSPMA_DIAGS.F)
                   MG_PACK in MG_PACK_MOD (Line 130, file MG_BSPMA_DIAGS.F)
                   MG_PACK in MG_PACK_MOD (Line 132, file MG_BSPMA_DIAGS.F)
                   MG_PACK in MG_PACK_MOD (Line 134, file MG_BSPMA_DIAGS.F)
                   MG_PACK in MG_PACK_MOD (Line 136, file MG_BSPMA_DIAGS.F)
                   MG_PACK in MG_PACK_MOD (Line 138, file MG_BSPMA_DIAGS.F)
                   MG_PACK in MG_PACK_MOD (Line 140, file MG_BSPMA_DIAGS.F)
                   MG_PACK in MG_PACK_MOD (Line 143, file MG_BSPMA_DIAGS.F)
                   MG_PACK in MG_PACK_MOD (Line 145, file MG_BSPMA_DIAGS.F)
                   MG_PACK in MG_PACK_MOD (Line 147, file MG_BSPMA_DIAGS.F)
                   MG_PACK in MG_PACK_MOD (Line 149, file MG_BSPMA_DIAGS.F)
                   MG_PACK in MG_PACK_MOD (Line 151, file MG_BSPMA_DIAGS.F)
                   MG_PACK in MG_PACK_MOD (Line 153, file MG_BSPMA_DIAGS.F)
                   MG_PACK in MG_PACK_MOD (Line 155, file MG_BSPMA_DIAGS.F)
                   MG_PACK in MG_PACK_MOD (Line 157, file MG_BSPMA_DIAGS.F)
                   MG_PACK in MG_PACK_MOD (Line 159, file MG_BSPMA_DIAGS.F)
                   MG_PACK in MG_PACK_MOD (Line 161, file MG_BSPMA_DIAGS.F)
                   MG_PACK in MG_PACK_MOD (Line 164, file MG_BSPMA_DIAGS.F)
                   MG_PACK in MG_PACK_MOD (Line 166, file MG_BSPMA_DIAGS.F)
                   MG_PACK in MG_PACK_MOD (Line 168, file MG_BSPMA_DIAGS.F)
                   MG_PACK in MG_PACK_MOD (Line 170, file MG_BSPMA_DIAGS.F)
                   MG_PACK in MG_PACK_MOD (Line 172, file MG_BSPMA_DIAGS.F)
                   MG_PACK in MG_PACK_MOD (Line 174, file MG_BSPMA_DIAGS.F)
                   MG_PACK in MG_PACK_MOD (Line 176, file MG_BSPMA_DIAGS.F)
                   MG_PACK in MG_PACK_MOD (Line 178, file MG_BSPMA_DIAGS.F)
                   MG_PACK in MG_PACK_MOD (Line 180, file MG_BSPMA_DIAGS.F)
                   MG_PACK in MG_PACK_MOD (Line 182, file MG_BSPMA_DIAGS.F)
                   MG_SEND_BSPMA in MG_SEND_BSPMA_MOD (Line 184, file MG_BSPMA_DIAGS.F)
                   MG_UNPACK_BSPMA in MG_UNPACK_BSPMA_MOD (Line 186, file MG_BSPMA_DIAGS.F)

Name  Messages
----  --------
MG_BSPMA_DIAGS_MOD
      Defined as:  Module (line 28, file MG_BSPMA_DIAGS.F)

        Uses:      MG_CONSTANTS_MOD
                   MG_UTILS_MOD
                   MG_OPTIONS_MOD  (indirectly)
                   MG_CONSTANTS_MOD  (indirectly)
                   MG_IRECV_MOD
                   MG_ENV_MOD  (indirectly)
                   MG_OPTIONS_MOD  (indirectly)
                   MG_PROFILING_MOD  (indirectly)
                   MG_UTILS_MOD  (indirectly)
                   MG_CONSTANTS_MOD  (indirectly)
                   MG_PACK_MOD
                   MG_ENV_MOD  (indirectly)
                   MG_OPTIONS_MOD  (indirectly)
                   MG_PROFILING_MOD  (indirectly)
                   MG_UTILS_MOD  (indirectly)
                   MG_CONSTANTS_MOD  (indirectly)
                   MG_SEND_BSPMA_MOD
                   MG_ENV_MOD  (indirectly)
                   MG_OPTIONS_MOD  (indirectly)
                   MG_PROFILING_MOD  (indirectly)
                   MG_UTILS_MOD  (indirectly)
                   MG_CONSTANTS_MOD  (indirectly)
                   MG_UNPACK_BSPMA_MOD
                   MG_ENV_MOD  (indirectly)
                   MG_OPTIONS_MOD  (indirectly)
                   MG_PROFILING_MOD  (indirectly)
                   MG_GET_FACE_MOD  (indirectly)
                   MG_UTILS_MOD  (indirectly)
                   MG_CONSTANTS_MOD  (indirectly)

Name  Messages
----  --------
MG_COMPUTE_STDDEV in MG_UTILS_MOD
      Defined as:  No definitions.

                   No calls.  It is not called and does not use any procedure.

      Interface:   None

Name  Messages
----  --------
MG_CONSTANTS_MOD
      Defined as:  No definitions.

      Used By:     MG_BSPMA_DIAGS_MOD
                   MG_BSPMA_DIAGS_MOD  (indirectly)
                   MG_BSPMA_DIAGS_MOD  (indirectly)
                   MG_BSPMA_DIAGS_MOD  (indirectly)
                   MG_BSPMA_DIAGS_MOD  (indirectly)
                   MG_BSPMA_DIAGS_MOD  (indirectly)

Name  Messages
----  --------
MG_ENV_MOD
      Defined as:  No definitions.

      Used By:     MG_BSPMA_DIAGS_MOD  (indirectly)
                   MG_BSPMA_DIAGS_MOD  (indirectly)
                   MG_BSPMA_DIAGS_MOD  (indirectly)
                   MG_BSPMA_DIAGS_MOD  (indirectly)

Name  Messages
----  --------
MG_GET_FACE in MG_GET_FACE_MOD
      Defined as:  No definitions.

                   No calls.  It is not called and does not use any procedure.

      Interface:   None

Name  Messages
----  --------
MG_GET_FACE_MOD
      Defined as:  No definitions.

      Used By:     MG_BSPMA_DIAGS_MOD  (indirectly)

Name  Messages
----  --------
MG_GRID_DEALLOC in MG_UTILS_MOD
      Defined as:  No definitions.

                   No calls.  It is not called and does not use any procedure.

      Interface:   None

Name  Messages
----  --------
MG_GRID_INIT in MG_UTILS_MOD
      Defined as:  No definitions.

                   No calls.  It is not called and does not use any procedure.

      Interface:   None

Name  Messages
----  --------
MG_INIT in MG_UTILS_MOD
      Defined as:  No definitions.

                   No calls.  It is not called and does not use any procedure.

      Interface:   None

Name  Messages
----  --------
MG_INIT_GRID in MG_UTILS_MOD
      Defined as:  No definitions.

                   No calls.  It is not called and does not use any procedure.

      Interface:   None

Name  Messages
----  --------
MG_INSERT_SPIKE in MG_UTILS_MOD
      Defined as:  No definitions.

                   No calls.  It is not called and does not use any procedure.

      Interface:   None

Name  Messages
----  --------
MG_IRECV in MG_IRECV_MOD
      Defined as:  No definitions.

      Interface:   None

      Called By:   MG_BSPMA_DIAGS in MG_BSPMA_DIAGS_MOD (Line 98, file MG_BSPMA_DIAGS.F)

Name  Messages
----  --------
MG_IRECV_MOD
      Defined as:  No definitions.

      Used By:     MG_BSPMA_DIAGS_MOD

Name  Messages
----  --------
MG_OPTIONS_MOD
      Defined as:  No definitions.

      Used By:     MG_BSPMA_DIAGS_MOD  (indirectly)
                   MG_BSPMA_DIAGS_MOD  (indirectly)
                   MG_BSPMA_DIAGS_MOD  (indirectly)
                   MG_BSPMA_DIAGS_MOD  (indirectly)
                   MG_BSPMA_DIAGS_MOD  (indirectly)

Name  Messages
----  --------
MG_PACK in MG_PACK_MOD
      Defined as:  No definitions.

      Interface:   None

      Called By:   MG_BSPMA_DIAGS in MG_BSPMA_DIAGS_MOD (Line 101, file MG_BSPMA_DIAGS.F)
                   MG_BSPMA_DIAGS in MG_BSPMA_DIAGS_MOD (Line 103, file MG_BSPMA_DIAGS.F)
                   MG_BSPMA_DIAGS in MG_BSPMA_DIAGS_MOD (Line 105, file MG_BSPMA_DIAGS.F)
                   MG_BSPMA_DIAGS in MG_BSPMA_DIAGS_MOD (Line 107, file MG_BSPMA_DIAGS.F)
                   MG_BSPMA_DIAGS in MG_BSPMA_DIAGS_MOD (Line 109, file MG_BSPMA_DIAGS.F)
                   MG_BSPMA_DIAGS in MG_BSPMA_DIAGS_MOD (Line 111, file MG_BSPMA_DIAGS.F)
                   MG_BSPMA_DIAGS in MG_BSPMA_DIAGS_MOD (Line 113, file MG_BSPMA_DIAGS.F)
                   MG_BSPMA_DIAGS in MG_BSPMA_DIAGS_MOD (Line 115, file MG_BSPMA_DIAGS.F)
                   MG_BSPMA_DIAGS in MG_BSPMA_DIAGS_MOD (Line 117, file MG_BSPMA_DIAGS.F)
                   MG_BSPMA_DIAGS in MG_BSPMA_DIAGS_MOD (Line 119, file MG_BSPMA_DIAGS.F)
                   MG_BSPMA_DIAGS in MG_BSPMA_DIAGS_MOD (Line 122, file MG_BSPMA_DIAGS.F)
                   MG_BSPMA_DIAGS in MG_BSPMA_DIAGS_MOD (Line 124, file MG_BSPMA_DIAGS.F)
                   MG_BSPMA_DIAGS in MG_BSPMA_DIAGS_MOD (Line 126, file MG_BSPMA_DIAGS.F)
                   MG_BSPMA_DIAGS in MG_BSPMA_DIAGS_MOD (Line 128, file MG_BSPMA_DIAGS.F)
                   MG_BSPMA_DIAGS in MG_BSPMA_DIAGS_MOD (Line 130, file MG_BSPMA_DIAGS.F)
                   MG_BSPMA_DIAGS in MG_BSPMA_DIAGS_MOD (Line 132, file MG_BSPMA_DIAGS.F)
                   MG_BSPMA_DIAGS in MG_BSPMA_DIAGS_MOD (Line 134, file MG_BSPMA_DIAGS.F)
                   MG_BSPMA_DIAGS in MG_BSPMA_DIAGS_MOD (Line 136, file MG_BSPMA_DIAGS.F)
                   MG_BSPMA_DIAGS in MG_BSPMA_DIAGS_MOD (Line 138, file MG_BSPMA_DIAGS.F)
                   MG_BSPMA_DIAGS in MG_BSPMA_DIAGS_MOD (Line 140, file MG_BSPMA_DIAGS.F)
                   MG_BSPMA_DIAGS in MG_BSPMA_DIAGS_MOD (Line 143, file MG_BSPMA_DIAGS.F)
                   MG_BSPMA_DIAGS in MG_BSPMA_DIAGS_MOD (Line 145, file MG_BSPMA_DIAGS.F)
                   MG_BSPMA_DIAGS in MG_BSPMA_DIAGS_MOD (Line 147, file MG_BSPMA_DIAGS.F)
                   MG_BSPMA_DIAGS in MG_BSPMA_DIAGS_MOD (Line 149, file MG_BSPMA_DIAGS.F)
                   MG_BSPMA_DIAGS in MG_BSPMA_DIAGS_MOD (Line 151, file MG_BSPMA_DIAGS.F)
                   MG_BSPMA_DIAGS in MG_BSPMA_DIAGS_MOD (Line 153, file MG_BSPMA_DIAGS.F)
                   MG_BSPMA_DIAGS in MG_BSPMA_DIAGS_MOD (Line 155, file MG_BSPMA_DIAGS.F)
                   MG_BSPMA_DIAGS in MG_BSPMA_DIAGS_MOD (Line 157, file MG_BSPMA_DIAGS.F)
                   MG_BSPMA_DIAGS in MG_BSPMA_DIAGS_MOD (Line 159, file MG_BSPMA_DIAGS.F)
                   MG_BSPMA_DIAGS in MG_BSPMA_DIAGS_MOD (Line 161, file MG_BSPMA_DIAGS.F)
                   MG_BSPMA_DIAGS in MG_BSPMA_DIAGS_MOD (Line 164, file MG_BSPMA_DIAGS.F)
                   MG_BSPMA_DIAGS in MG_BSPMA_DIAGS_MOD (Line 166, file MG_BSPMA_DIAGS.F)
                   MG_BSPMA_DIAGS in MG_BSPMA_DIAGS_MOD (Line 168, file MG_BSPMA_DIAGS.F)
                   MG_BSPMA_DIAGS in MG_BSPMA_DIAGS_MOD (Line 170, file MG_BSPMA_DIAGS.F)
                   MG_BSPMA_DIAGS in MG_BSPMA_DIAGS_MOD (Line 172, file MG_BSPMA_DIAGS.F)
                   MG_BSPMA_DIAGS in MG_BSPMA_DIAGS_MOD (Line 174, file MG_BSPMA_DIAGS.F)
                   MG_BSPMA_DIAGS in MG_BSPMA_DIAGS_MOD (Line 176, file MG_BSPMA_DIAGS.F)
                   MG_BSPMA_DIAGS in MG_BSPMA_DIAGS_MOD (Line 178, file MG_BSPMA_DIAGS.F)
                   MG_BSPMA_DIAGS in MG_BSPMA_DIAGS_MOD (Line 180, file MG_BSPMA_DIAGS.F)
                   MG_BSPMA_DIAGS in MG_BSPMA_DIAGS_MOD (Line 182, file MG_BSPMA_DIAGS.F)

Name  Messages
----  --------
MG_PACK_MOD
      Defined as:  No definitions.

      Used By:     MG_BSPMA_DIAGS_MOD

Name  Messages
----  --------
MG_PERF_INIT in MG_PROFILING_MOD
      Defined as:  No definitions.

                   No calls.  It is not called and does not use any procedure.

      Interface:   None

Name  Messages
----  --------
MG_PERF_REPORT in MG_PROFILING_MOD
      Defined as:  No definitions.

                   No calls.  It is not called and does not use any procedure.

      Interface:   None

Name  Messages
----  --------
MG_PRINT_HEADER in MG_UTILS_MOD
      Defined as:  No definitions.

                   No calls.  It is not called and does not use any procedure.

      Interface:   None

Name  Messages
----  --------
MG_PROFILING_MOD
      Defined as:  No definitions.

      Used By:     MG_BSPMA_DIAGS_MOD  (indirectly)
                   MG_BSPMA_DIAGS_MOD  (indirectly)
                   MG_BSPMA_DIAGS_MOD  (indirectly)
                   MG_BSPMA_DIAGS_MOD  (indirectly)

Name  Messages
----  --------
MG_SEND_BSPMA in MG_SEND_BSPMA_MOD
      Defined as:  No definitions.

      Interface:   None

      Called By:   MG_BSPMA_DIAGS in MG_BSPMA_DIAGS_MOD (Line 184, file MG_BSPMA_DIAGS.F)

Name  Messages
----  --------
MG_SEND_BSPMA_MOD
      Defined as:  No definitions.

      Used By:     MG_BSPMA_DIAGS_MOD

Name  Messages
----  --------
MG_TIMER in MG_UTILS_MOD
      Defined as:  No definitions.

                   No calls.  It is not called and does not use any procedure.

      Interface:   None

Name  Messages
----  --------
MG_UNPACK_BSPMA in MG_UNPACK_BSPMA_MOD
      Defined as:  No definitions.

      Interface:   None

      Called By:   MG_BSPMA_DIAGS in MG_BSPMA_DIAGS_MOD (Line 186, file MG_BSPMA_DIAGS.F)

Name  Messages
----  --------
MG_UNPACK_BSPMA_MOD
      Defined as:  No definitions.

      Used By:     MG_BSPMA_DIAGS_MOD

Name  Messages
----  --------
MG_UTILS_MOD
      Defined as:  No definitions.

      Used By:     MG_BSPMA_DIAGS_MOD
                   MG_BSPMA_DIAGS_MOD  (indirectly)
                   MG_BSPMA_DIAGS_MOD  (indirectly)
                   MG_BSPMA_DIAGS_MOD  (indirectly)
                   MG_BSPMA_DIAGS_MOD  (indirectly)

Name  Messages
----  --------
MPI_COMM_DUP_FN
      Defined as:  No definitions.

                   No calls.  It is not called and does not use any procedure.

Name  Messages
----  --------
MPI_COMM_NULL_COPY_FN
      Defined as:  No definitions.

                   No calls.  It is not called and does not use any procedure.

Name  Messages
----  --------
MPI_COMM_NULL_DELETE_FN
      Defined as:  No definitions.

                   No calls.  It is not called and does not use any procedure.

Name  Messages
----  --------
MPI_CONVERSION_FN_NULL
      Defined as:  No definitions.

                   No calls.  It is not called and does not use any procedure.

Name  Messages
----  --------
MPI_DUP_FN
      Defined as:  No definitions.

                   No calls.  It is not called and does not use any procedure.

Name  Messages
----  --------
MPI_NULL_COPY_FN
      Defined as:  No definitions.

                   No calls.  It is not called and does not use any procedure.

Name  Messages
----  --------
MPI_NULL_DELETE_FN
      Defined as:  No definitions.

                   No calls.  It is not called and does not use any procedure.

Name  Messages
----  --------
MPI_TYPE_DUP_FN
      Defined as:  No definitions.

                   No calls.  It is not called and does not use any procedure.

Name  Messages
----  --------
MPI_TYPE_NULL_COPY_FN
      Defined as:  No definitions.

                   No calls.  It is not called and does not use any procedure.

Name  Messages
----  --------
MPI_TYPE_NULL_DELETE_FN
      Defined as:  No definitions.

                   No calls.  It is not called and does not use any procedure.

Name  Messages
----  --------
MPI_WIN_DUP_FN
      Defined as:  No definitions.

                   No calls.  It is not called and does not use any procedure.

Name  Messages
----  --------
MPI_WIN_NULL_COPY_FN
      Defined as:  No definitions.

                   No calls.  It is not called and does not use any procedure.

Name  Messages
----  --------
MPI_WIN_NULL_DELETE_FN
      Defined as:  No definitions.

                   No calls.  It is not called and does not use any procedure.

Name  Messages
----  --------
MPI_WTICK
      Defined as:  No definitions.

                   No calls.  It is not called and does not use any procedure.

      Interface:   None

Name  Messages
----  --------
MPI_WTIME
      Defined as:  No definitions.

                   No calls.  It is not called and does not use any procedure.

      Interface:   None

Name  Messages
----  --------
PMPI_WTICK
      Defined as:  No definitions.

                   No calls.  It is not called and does not use any procedure.

      Interface:   None

Name  Messages
----  --------
PMPI_WTIME
      Defined as:  No definitions.

                   No calls.  It is not called and does not use any procedure.

      Interface:   None


%%%%%%%%%%%%%%%%%%%%%%%%%%%%%%%%%%%%%%%%%%%%%%%%%%%%%%%%%%%%%%%%%%%%%%%%%%%%%%%%
%%%%%%%%%%%%%%%%%%%%%%%%%%%%%%%%%%%%%%%%%%%%%%%%%%%%%%%%%%%%%%%%%%%%%%%%%%%%%%%%
