%%%%%%%%%%%%%%%%%%%%%%%%%%%%%%%%%%%%%%%%%%%%%%%%%%%%%%%%%%%%%%%%%%%%%%%%%%%%%%%%
                          S u m m a r y   R e p o r t
%%%%%%%%%%%%%%%%%%%%%%%%%%%%%%%%%%%%%%%%%%%%%%%%%%%%%%%%%%%%%%%%%%%%%%%%%%%%%%%%

Compilation
-----------
File     : /lus/scratch/p02128/work/MiniGhost/source/MG_OPTIONS.F
Compiled : 10/31/18  05:23:29
Compiler : Version 8.7.6
Ftnlx    : Version 8503 (libcif 85008)
Target   : x86-64
Command  : ftn_driver.exe -hcpu=broadwell -hstatic -D__CRAYXC
           -D__CRAY_BROADWELL -D__CRAYXT_COMPUTE_LINUX_TARGET -hnetwork=aries
           -D_MG_MPI -D_MG_INT4 -D_MG_REAL8 -ffree -hlist=a -c MG_OPTIONS.F
           -I/opt/cray/pe/cce/8.7.6/cce/x86_64/include/craylibs -I/usr/include
           -I/usr/include -I/opt/cray/pe/mpt/7.7.3/gni/mpich-cray/8.6/include
           -I/opt/cray/pe/libsci/18.07.1/CRAY/8.6/x86_64/include
           -I/opt/cray/rca/2.2.18-6.0.7.0_33.3__g2aa4f39.ari/include
           -I/opt/cray/pe/pmi/5.0.14/include
           -I/opt/cray/xpmem/2.2.15-6.0.7.0_35.11__g7549d06.ari/include
           -I/opt/cray/dmapp/7.1.1-6.0.7.0_34.3__g5a674e0.ari/include
           -I/opt/cray/gni-headers/5.0.12.0-6.0.7.0_24.1__g3b1768f.ari/include
           -I/opt/cray/ugni/6.0.14.0-6.0.7.0_23.1__gea11d3d.ari/include
           -I/opt/cray/udreg/2.3.2-6.0.7.0_33.18__g5196236.ari/include
           -I/opt/cray/alps/6.6.43-6.0.7.0_26.4__ga796da3.ari/include
           -I/opt/cray/wlm_detect/1.3.3-6.0.7.0_47.2__g7109084.ari/include
           -I/opt/cray/krca/2.2.4-6.0.7.0_32.3__g8505b97.ari/include
           -I/opt/cray-hss-devel/8.0.0/include
Program
  Units  : MG_OPTIONS_MOD

ftnlx report
------------
Source   : /lus/scratch/p02128/work/MiniGhost/source/MG_OPTIONS.F
Date     : 10/31/2018  05:23:30


%%%%%%%%%%%%%%%%%%%%%%%%%%%%%%%%%%%%%%%%%%%%%%%%%%%%%%%%%%%%%%%%%%%%%%%%%%%%%%%%
                          O p t i o n s   R e p o r t
%%%%%%%%%%%%%%%%%%%%%%%%%%%%%%%%%%%%%%%%%%%%%%%%%%%%%%%%%%%%%%%%%%%%%%%%%%%%%%%%

Options :  -O cache2,scalar2,thread2,vector2,mpi0,modinline,ipa3,noaggress
           -O autoprefetch,noautothread,fusion2,nomsgs,nonegmsgs,nooverindex
           -O pattern,shortcircuit2,unroll2,nozeroinc
           -h noadd_paren,align_arrays,nobounds,caf,noconcurrent,nocontiguous
           -h nocontiguous_assumed_shape,fma,nofp_trap,nofunc_trace,noomp_analyz
           e
           -h noomp_trace,nopat_trace
           -h safe_addr,thread_do_concurrent,fp2=approx,flex_mp=default         
           -h alias=default:standard_restrict         
           -h static (or -static)
           -h omp,noacc
           -h cpu=x86-64,broadwell
           -h network=aries
           -K trap=none
           -s default32
           -eh
           -d abcdefgijmopqsvwzACEFIPQRST0
           -e nBDZ 
           -f free
           -m3
           -S /lus/scratch/tmp/pe_4892/MG_OPTIONS_1.s


%%%%%%%%%%%%%%%%%%%%%%%%%%%%%%%%%%%%%%%%%%%%%%%%%%%%%%%%%%%%%%%%%%%%%%%%%%%%%%%%
                          S o u r c e   L i s t i n g
%%%%%%%%%%%%%%%%%%%%%%%%%%%%%%%%%%%%%%%%%%%%%%%%%%%%%%%%%%%%%%%%%%%%%%%%%%%%%%%%


     %%%    L o o p m a r k   L e g e n d    %%%

     Primary Loop Type        Modifiers
     ------- ---- ----        ---------
     There are no optimizations or loops to mark


    1.    ! ************************************************************************
    2.    !
    3.    !               miniGhost: stencil computations with boundary exchange.
    4.    !                 Copyright (2012) Sandia Corporation
    5.    !
    6.    ! Under terms of Contract DE-AC04-94AL85000, there is a non-exclusive
    7.    ! license for use of this work by or on behalf of the U.S. Government.
    8.    !
    9.    ! This library is free software; you can redistribute it and/or modify
   10.    ! it under the terms of the GNU Lesser General Public License as
   11.    ! published by the Free Software Foundation; either version 2.1 of the
   12.    ! License, or (at your option) any later version.
   13.    !
   14.    ! This library is distributed in the hope that it will be useful, but
   15.    ! WITHOUT ANY WARRANTY; without even the implied warranty of
   16.    ! MERCHANTABILITY or FITNESS FOR A PARTICULAR PURPOSE.  See the GNU
   17.    ! Lesser General Public License for more details.
   18.    !
   19.    ! You should have received a copy of the GNU Lesser General Public
   20.    ! License along with this library; if not, write to the Free Software
   21.    ! Foundation, Inc., 59 Temple Place, Suite 330, Boston, MA 02111-1307
   22.    ! USA
   23.    ! Questions? Contact Richard F. Barrett (rfbarre@sandia.gov) or
   24.    !                    Michael A. Heroux (maherou@sandia.gov)
   25.    !
   26.    ! ************************************************************************
   27.     
   28.    MODULE MG_OPTIONS_MOD
   29.    
   30.       ! Purpose
   31.       ! =======
   32.       ! Declaration of miniGhost options.
   33.    
   34.       USE MG_CONSTANTS_MOD
   35.    
   36.       IMPLICIT NONE
   37.    
   38.       INTEGER :: SCALING
   39.    
   40.       INTEGER, PARAMETER ::      &
   41.          SCALING_STRONG   = 1,   &
   42.          SCALING_WEAK     = 2           ! Default
   43.    
   44.       INTEGER :: COMM_METHOD
   45.    
   46.       INTEGER, PARAMETER ::       &
   47.    
   48.          COMM_METHOD_BSPMA = 10,  &      ! Default
   49.          COMM_METHOD_SVAF  = 11
   50.    
   51.       INTEGER :: STENCIL
   52.    
   53.       INTEGER, PARAMETER ::          &
   54.    
   55.          STENCIL_NONE         = 20,  &
   56.          STENCIL_2D5PT        = 21,  &  ! Default
   57.          STENCIL_2D9PT        = 22,  &
   58.          STENCIL_3D7PT        = 23,  &
   59.          STENCIL_3D27PT       = 24
   60.    
   61.       ! ---------
   62.       ! Variables
   63.       ! ---------
   64.    
   65.       INTEGER ::                      &
   66.    
   67.          NUM_SPIKES,                  &  ! Number of spikes to be inserted, one each NUM_TSTEPS
   68.    
   69.          NPX, NPY, NPZ,               &  ! Number of processes in direction X, Y, Z
   70.    
   71.          NX, NY, NZ,                  &  ! Local domain dimensions.
   72.    
   73.          NUM_VARS,                    &  ! Number of variables defined.
   74.          NUM_TSTEPS,                  &  ! Number of time steps to be executed.
   75.          PERCENT_SUM,                 &  ! Requested percentage of variables to be globally summed.
   76.    
   77.          DEBUG_GRID,                  &  !
   78.          REPORT_DIFFUSION,            &  !
   79.          REPORT_PERF                     !
   80.    
   81.    
   82.    END MODULE MG_OPTIONS_MOD



%%%%%%%%%%%%%%%%%%%%%%%%%%%%%%%%%%%%%%%%%%%%%%%%%%%%%%%%%%%%%%%%%%%%%%%%%%%%%%%%
              C r o s s   R e f e r e n c e   for   MG_OPTIONS_MOD
%%%%%%%%%%%%%%%%%%%%%%%%%%%%%%%%%%%%%%%%%%%%%%%%%%%%%%%%%%%%%%%%%%%%%%%%%%%%%%%%

Name                                      Storage/Owner                   
----                                      -------------                   

COMM_METHOD                               Static offset=0                 
  Integer
  Declared        44
  Defined   
  Referenced

COMM_METHOD_BSPMA                                                         
  Parameter, Integer
  Declared        48
  Defined   
  Referenced

COMM_METHOD_SVAF                                                          
  Parameter, Integer
  Declared        49
  Defined   
  Referenced

DEBUG_GRID                                Static offset=64                
  Integer
  Declared        77
  Defined   
  Referenced

MG_CONSTANTS_MOD                                                          
  Module
  Declared  
  Defined   
  Referenced      34

MG_OPTIONS_MOD                                                            
  Module
  Declared        28
  Defined   
  Referenced

MPIFCMB5                                  Module MG_CONSTANTS_MOD         
  Common block 
  Declared  
  Defined   
  Referenced

MPIFCMB9                                  Module MG_CONSTANTS_MOD         
  Common block 
  Declared  
  Defined   
  Referenced

MPIPRIV1                                  Module MG_CONSTANTS_MOD         
  Common block 
  Declared  
  Defined   
  Referenced

MPIPRIV2                                  Module MG_CONSTANTS_MOD         
  Common block 
  Declared  
  Defined   
  Referenced

MPIPRIVC                                  Module MG_CONSTANTS_MOD         
  Common block 
  Declared  
  Defined   
  Referenced

NPX                                       Static offset=128               
  Integer
  Declared        69
  Defined   
  Referenced

NPY                                       Static offset=192               
  Integer
  Declared        69
  Defined   
  Referenced

NPZ                                       Static offset=256               
  Integer
  Declared        69
  Defined   
  Referenced

NUM_SPIKES                                Static offset=320               
  Integer
  Declared        67
  Defined   
  Referenced

NUM_TSTEPS                                Static offset=384               
  Integer
  Declared        74
  Defined   
  Referenced

NUM_VARS                                  Static offset=448               
  Integer
  Declared        73
  Defined   
  Referenced

NX                                        Static offset=512               
  Integer
  Declared        71
  Defined   
  Referenced

NY                                        Static offset=576               
  Integer
  Declared        71
  Defined   
  Referenced

NZ                                        Static offset=640               
  Integer
  Declared        71
  Defined   
  Referenced

PERCENT_SUM                               Static offset=704               
  Integer
  Declared        75
  Defined   
  Referenced

REPORT_DIFFUSION                          Static offset=768               
  Integer
  Declared        78
  Defined   
  Referenced

REPORT_PERF                               Static offset=832               
  Integer
  Declared        79
  Defined   
  Referenced

SCALING                                   Static offset=896               
  Integer
  Declared        38
  Defined   
  Referenced

SCALING_STRONG                                                            
  Parameter, Integer
  Declared        41
  Defined   
  Referenced

SCALING_WEAK                                                              
  Parameter, Integer
  Declared        42
  Defined   
  Referenced

STENCIL                                   Static offset=960               
  Integer
  Declared        51
  Defined   
  Referenced

STENCIL_2D5PT                                                             
  Parameter, Integer
  Declared        56
  Defined   
  Referenced

STENCIL_2D9PT                                                             
  Parameter, Integer
  Declared        57
  Defined   
  Referenced

STENCIL_3D27PT                                                            
  Parameter, Integer
  Declared        59
  Defined   
  Referenced

STENCIL_3D7PT                                                             
  Parameter, Integer
  Declared        58
  Defined   
  Referenced

STENCIL_NONE                                                              
  Parameter, Integer
  Declared        55
  Defined   
  Referenced


%%%%%%%%%%%%%%%%%%%%%%%%%%%%%%%%%%%%%%%%%%%%%%%%%%%%%%%%%%%%%%%%%%%%%%%%%%%%%%%%
                     C o m m o n   B l o c k   R e p o r t
%%%%%%%%%%%%%%%%%%%%%%%%%%%%%%%%%%%%%%%%%%%%%%%%%%%%%%%%%%%%%%%%%%%%%%%%%%%%%%%%

Blk  Program Unit                     Messages
---  ------------                     --------
/MPIFCMB5/                            Length: 4 bytes

     MG_OPTIONS_MOD                   Block is used from MG_CONSTANTS_MOD

Blk  Program Unit                     Messages
---  ------------                     --------
/MPIFCMB9/                            Length: 4 bytes

     MG_OPTIONS_MOD                   Block is used from MG_CONSTANTS_MOD

Blk  Program Unit                     Messages
---  ------------                     --------
/MPIPRIV1/                            Length: 28 bytes

     MG_OPTIONS_MOD                   Block is used from MG_CONSTANTS_MOD

Blk  Program Unit                     Messages
---  ------------                     --------
/MPIPRIV2/                            Length: 24 bytes

     MG_OPTIONS_MOD                   Block is used from MG_CONSTANTS_MOD

Blk  Program Unit                     Messages
---  ------------                     --------
/MPIPRIVC/                            Length: 2 bytes

     MG_OPTIONS_MOD                   Block is used from MG_CONSTANTS_MOD


%%%%%%%%%%%%%%%%%%%%%%%%%%%%%%%%%%%%%%%%%%%%%%%%%%%%%%%%%%%%%%%%%%%%%%%%%%%%%%%%
                         E x t e r n a l   R e p o r t
%%%%%%%%%%%%%%%%%%%%%%%%%%%%%%%%%%%%%%%%%%%%%%%%%%%%%%%%%%%%%%%%%%%%%%%%%%%%%%%%

Name  Messages
----  --------
MG_CONSTANTS_MOD
      Defined as:  No definitions.

      Used By:     MG_OPTIONS_MOD

Name  Messages
----  --------
MG_OPTIONS_MOD
      Defined as:  Module (line 28, file MG_OPTIONS.F)

        Uses:      MG_CONSTANTS_MOD

Name  Messages
----  --------
MPI_COMM_DUP_FN
      Defined as:  No definitions.

                   No calls.  It is not called and does not use any procedure.

Name  Messages
----  --------
MPI_COMM_NULL_COPY_FN
      Defined as:  No definitions.

                   No calls.  It is not called and does not use any procedure.

Name  Messages
----  --------
MPI_COMM_NULL_DELETE_FN
      Defined as:  No definitions.

                   No calls.  It is not called and does not use any procedure.

Name  Messages
----  --------
MPI_CONVERSION_FN_NULL
      Defined as:  No definitions.

                   No calls.  It is not called and does not use any procedure.

Name  Messages
----  --------
MPI_DUP_FN
      Defined as:  No definitions.

                   No calls.  It is not called and does not use any procedure.

Name  Messages
----  --------
MPI_NULL_COPY_FN
      Defined as:  No definitions.

                   No calls.  It is not called and does not use any procedure.

Name  Messages
----  --------
MPI_NULL_DELETE_FN
      Defined as:  No definitions.

                   No calls.  It is not called and does not use any procedure.

Name  Messages
----  --------
MPI_TYPE_DUP_FN
      Defined as:  No definitions.

                   No calls.  It is not called and does not use any procedure.

Name  Messages
----  --------
MPI_TYPE_NULL_COPY_FN
      Defined as:  No definitions.

                   No calls.  It is not called and does not use any procedure.

Name  Messages
----  --------
MPI_TYPE_NULL_DELETE_FN
      Defined as:  No definitions.

                   No calls.  It is not called and does not use any procedure.

Name  Messages
----  --------
MPI_WIN_DUP_FN
      Defined as:  No definitions.

                   No calls.  It is not called and does not use any procedure.

Name  Messages
----  --------
MPI_WIN_NULL_COPY_FN
      Defined as:  No definitions.

                   No calls.  It is not called and does not use any procedure.

Name  Messages
----  --------
MPI_WIN_NULL_DELETE_FN
      Defined as:  No definitions.

                   No calls.  It is not called and does not use any procedure.

Name  Messages
----  --------
MPI_WTICK
      Defined as:  No definitions.

                   No calls.  It is not called and does not use any procedure.

      Interface:   None

Name  Messages
----  --------
MPI_WTIME
      Defined as:  No definitions.

                   No calls.  It is not called and does not use any procedure.

      Interface:   None

Name  Messages
----  --------
PMPI_WTICK
      Defined as:  No definitions.

                   No calls.  It is not called and does not use any procedure.

      Interface:   None

Name  Messages
----  --------
PMPI_WTIME
      Defined as:  No definitions.

                   No calls.  It is not called and does not use any procedure.

      Interface:   None


%%%%%%%%%%%%%%%%%%%%%%%%%%%%%%%%%%%%%%%%%%%%%%%%%%%%%%%%%%%%%%%%%%%%%%%%%%%%%%%%
%%%%%%%%%%%%%%%%%%%%%%%%%%%%%%%%%%%%%%%%%%%%%%%%%%%%%%%%%%%%%%%%%%%%%%%%%%%%%%%%
