%%%%%%%%%%%%%%%%%%%%%%%%%%%%%%%%%%%%%%%%%%%%%%%%%%%%%%%%%%%%%%%%%%%%%%%%%%%%%%%%
                          S u m m a r y   R e p o r t
%%%%%%%%%%%%%%%%%%%%%%%%%%%%%%%%%%%%%%%%%%%%%%%%%%%%%%%%%%%%%%%%%%%%%%%%%%%%%%%%

Compilation
-----------
File     : /lus/scratch/p02128/work/MiniGhost/source/MG_UNPACK_BSPMA.F
Compiled : 10/31/18  05:23:40
Compiler : Version 8.7.6
Ftnlx    : Version 8503 (libcif 85008)
Target   : x86-64
Command  : ftn_driver.exe -hcpu=broadwell -hstatic -D__CRAYXC
           -D__CRAY_BROADWELL -D__CRAYXT_COMPUTE_LINUX_TARGET -hnetwork=aries
           -D_MG_MPI -D_MG_INT4 -D_MG_REAL8 -ffree -hlist=a
           -c MG_UNPACK_BSPMA.F
           -I/opt/cray/pe/cce/8.7.6/cce/x86_64/include/craylibs -I/usr/include
           -I/usr/include -I/opt/cray/pe/mpt/7.7.3/gni/mpich-cray/8.6/include
           -I/opt/cray/pe/libsci/18.07.1/CRAY/8.6/x86_64/include
           -I/opt/cray/rca/2.2.18-6.0.7.0_33.3__g2aa4f39.ari/include
           -I/opt/cray/pe/pmi/5.0.14/include
           -I/opt/cray/xpmem/2.2.15-6.0.7.0_35.11__g7549d06.ari/include
           -I/opt/cray/dmapp/7.1.1-6.0.7.0_34.3__g5a674e0.ari/include
           -I/opt/cray/gni-headers/5.0.12.0-6.0.7.0_24.1__g3b1768f.ari/include
           -I/opt/cray/ugni/6.0.14.0-6.0.7.0_23.1__gea11d3d.ari/include
           -I/opt/cray/udreg/2.3.2-6.0.7.0_33.18__g5196236.ari/include
           -I/opt/cray/alps/6.6.43-6.0.7.0_26.4__ga796da3.ari/include
           -I/opt/cray/wlm_detect/1.3.3-6.0.7.0_47.2__g7109084.ari/include
           -I/opt/cray/krca/2.2.4-6.0.7.0_32.3__g8505b97.ari/include
           -I/opt/cray-hss-devel/8.0.0/include
Program
  Units  : MG_UNPACK_BSPMA_MOD

ftnlx report
------------
Source   : /lus/scratch/p02128/work/MiniGhost/source/MG_UNPACK_BSPMA.F
Date     : 10/31/2018  05:23:40


%%%%%%%%%%%%%%%%%%%%%%%%%%%%%%%%%%%%%%%%%%%%%%%%%%%%%%%%%%%%%%%%%%%%%%%%%%%%%%%%
                          O p t i o n s   R e p o r t
%%%%%%%%%%%%%%%%%%%%%%%%%%%%%%%%%%%%%%%%%%%%%%%%%%%%%%%%%%%%%%%%%%%%%%%%%%%%%%%%

Options :  -O cache2,scalar2,thread2,vector2,mpi0,modinline,ipa3,noaggress
           -O autoprefetch,noautothread,fusion2,nomsgs,nonegmsgs,nooverindex
           -O pattern,shortcircuit2,unroll2,nozeroinc
           -h noadd_paren,align_arrays,nobounds,caf,noconcurrent,nocontiguous
           -h nocontiguous_assumed_shape,fma,nofp_trap,nofunc_trace,noomp_analyz
           e
           -h noomp_trace,nopat_trace
           -h safe_addr,thread_do_concurrent,fp2=approx,flex_mp=default         
           -h alias=default:standard_restrict         
           -h static (or -static)
           -h omp,noacc
           -h cpu=x86-64,broadwell
           -h network=aries
           -K trap=none
           -s default32
           -eh
           -d abcdefgijmopqsvwzACEFIPQRST0
           -e nBDZ 
           -f free
           -m3
           -S /lus/scratch/tmp/pe_5226/MG_UNPACK_BSPMA_1.s


%%%%%%%%%%%%%%%%%%%%%%%%%%%%%%%%%%%%%%%%%%%%%%%%%%%%%%%%%%%%%%%%%%%%%%%%%%%%%%%%
                          S o u r c e   L i s t i n g
%%%%%%%%%%%%%%%%%%%%%%%%%%%%%%%%%%%%%%%%%%%%%%%%%%%%%%%%%%%%%%%%%%%%%%%%%%%%%%%%


     %%%    L o o p m a r k   L e g e n d    %%%

     Primary Loop Type        Modifiers
     ------- ---- ----        ---------
     A - Pattern matched      a - atomic memory operation
                              b - blocked
     C - Collapsed            c - conditional and/or computed
     D - Deleted               
     E - Cloned                
     F - Flat - No calls      f - fused
     G - Accelerated          g - partitioned
     I - Inlined              i - interchanged
     M - Multithreaded        m - partitioned
                              n - non-blocking remote transfer
                              p - partial
     R - Rerolling            r - unrolled
                              s - shortloop
     V - Vectorized           w - unwound

     + - More messages listed at end of listing
     ------------------------------------------


    1.           ! ************************************************************************
    2.           !
    3.           !               miniGhost: stencil computations with boundary exchange.
    4.           !                 Copyright (2012) Sandia Corporation
    5.           !
    6.           ! Under terms of Contract DE-AC04-94AL85000, there is a non-exclusive
    7.           ! license for use of this work by or on behalf of the U.S. Government.
    8.           !
    9.           ! This library is free software; you can redistribute it and/or modify
   10.           ! it under the terms of the GNU Lesser General Public License as
   11.           ! published by the Free Software Foundation; either version 2.1 of the
   12.           ! License, or (at your option) any later version.
   13.           !
   14.           ! This library is distributed in the hope that it will be useful, but
   15.           ! WITHOUT ANY WARRANTY; without even the implied warranty of
   16.           ! MERCHANTABILITY or FITNESS FOR A PARTICULAR PURPOSE.  See the GNU
   17.           ! Lesser General Public License for more details.
   18.           !
   19.           ! You should have received a copy of the GNU Lesser General Public
   20.           ! License along with this library; if not, write to the Free Software
   21.           ! Foundation, Inc., 59 Temple Place, Suite 330, Boston, MA 02111-1307
   22.           ! USA
   23.           ! Questions? Contact Richard F. Barrett (rfbarre@sandia.gov) or
   24.           !                    Michael A. Heroux (maherou@sandia.gov)
   25.           !
   26.           ! ************************************************************************
   27.           
   28.           MODULE MG_UNPACK_BSPMA_MOD
   29.           
   30.              USE MG_CONSTANTS_MOD
   31.              USE MG_UTILS_MOD
   32.              USE MG_GET_FACE_MOD
   33.              USE MG_PROFILING_MOD
   34.           
   35.              IMPLICIT NONE
   36.           
   37.              ! Note: Using 0-based indexing on arrays.
   38.           
   39.           CONTAINS
   40.              
   41.              SUBROUTINE MG_UNPACK_BSPMA ( IERR )
   42.              
   43.                 ! -------------------------------------------------------
   44.                 ! Unpack all variables for single message to each neighbor.
   45.                 ! -------------------------------------------------------
   46.           
   47.                 ! ---------------------
   48.                 ! Argument Declarations
   49.                 ! ---------------------
   50.           
   51.                 INTEGER, INTENT(OUT) :: &
   52.                    IERR           ! Return status
   53.           
   54.                 ! ------------------
   55.                 ! Local Declarations
   56.                 ! ------------------
   57.              
   58.                 INTEGER :: &
   59.                    IWHICH,                      &  ! MPI_Wait_any SRC process
   60.                    I, L,                        &  ! Counters
   61.                    NUM_RECVS_OUTSTANDING,       &  ! Keep track of progress
   62.                    NUM_SENDS_OUTSTANDING,       &
   63.                    OFFSET
   64.              
   65.           #if defined _MG_MPI
   66.                 INTEGER ::     &
   67.                    ISTAT(MPI_STATUS_SIZE)
   68.           #endif _MG_MPI
   69.           
   70.                 REAL(KIND=MG_REAL8) ::      &
   71.                    TIME_START,              &
   72.                    TIME_START_DIR,          &
   73.                    TIME_WAIT,               &
   74.                    TIME_WAIT_X,             &
   75.                    TIME_WAIT_Y,             &
   76.                    TIME_WAIT_Z
   77.           
   78.                 ! ---------------------
   79.                 ! Executable Statements
   80.                 ! ---------------------
   81.           
   82.                 IERR = 0
   83.           
   84.                 IF ( NUMPES == 1 ) &
   85.                    RETURN
   86.           
   87.           #if defined _MG_MPI
   88.           
   89.                 TIME_WAIT_X = 0.0
   90.                 TIME_WAIT_Y = 0.0
   91.                 TIME_WAIT_Z = 0.0
   92.           
   93.  +              TIME_START = MG_TIMER()
   94.           
   95.                 NUM_SENDS_OUTSTANDING = NUM_SENDS
   96.                 NUM_RECVS_OUTSTANDING = NUM_RECVS
   97.           
   98.                 ! Complete sends and receives. 
   99.                 ! If recv, unpack into user space (domain face).
  100.           
  101.  + 1----<       DO L = 1, NUM_RECVS + NUM_SENDS
  102.    1      
  103.  + 1               TIME_START_DIR = MG_TIMER ()
  104.  + 1               CALL MPI_WAITANY ( MAX_NUM_SENDS + MAX_NUM_RECVS, MSG_REQS, IWHICH, ISTAT, IERR )
  105.  + 1               CALL MG_ASSERT ( IERR, 'MG_UNPACK_BSPMA: MPI_WAITANY', ISTAT(MPI_ERROR) ) 
  106.    1               IF ( IWHICH > MAX_NUM_RECVS ) THEN
  107.    1                  NUM_SENDS_OUTSTANDING = NUM_SENDS_OUTSTANDING - 1
  108.    1                  I = IWHICH - MAX_NUM_RECVS
  109.    1                  IF (I.EQ.BACK .OR. I.EQ.FRONT) THEN
  110.  + 1                     TIME_WAIT_Z = TIME_WAIT_Z + MG_TIMER () - TIME_START_DIR
  111.    1                  ELSE IF (I.EQ.EAST .OR. I.EQ.WEST) THEN
  112.  + 1                     TIME_WAIT_X = TIME_WAIT_X + MG_TIMER () - TIME_START_DIR
  113.    1                  ELSE IF (I.EQ.NORTH .OR. I.EQ.SOUTH) THEN
  114.  + 1                     TIME_WAIT_Y = TIME_WAIT_Y + MG_TIMER () - TIME_START_DIR
  115.    1                  END IF
  116.    1      
  117.    1               ELSE 
  118.    1      
  119.    1                  IF (IWHICH.EQ.BACK .OR. IWHICH.EQ.FRONT) THEN
  120.  + 1                     TIME_WAIT_Z = TIME_WAIT_Z + MG_TIMER () - TIME_START_DIR
  121.    1                  ELSE IF (IWHICH.EQ.EAST .OR. IWHICH.EQ.WEST) THEN
  122.  + 1                     TIME_WAIT_X = TIME_WAIT_X + MG_TIMER () - TIME_START_DIR
  123.    1                  ELSE IF (IWHICH.EQ.NORTH .OR. IWHICH.EQ.SOUTH) THEN
  124.  + 1                     TIME_WAIT_Y = TIME_WAIT_Y + MG_TIMER () - TIME_START_DIR
  125.    1                  END IF
  126.  + 1                  TIME_START_DIR = MG_TIMER ()
  127.    1      
  128.    1                  OFFSET = 0
  129.  + 1 2--<             DO I = 1, NUM_VARS
  130.  + 1 2                   CALL MG_GET_FACE ( I, IWHICH, OFFSET, IERR )
  131.    1 2-->             END DO
  132.    1                  NUM_RECVS_OUTSTANDING = NUM_RECVS_OUTSTANDING - 1
  133.    1                  IF (IWHICH.EQ.BACK .OR. IWHICH.EQ.FRONT) THEN
  134.    1                     MG_PERF%TIME_UNPACK_Z_PE = MG_PERF%TIME_UNPACK_Z_PE +     &
  135.  + 1                                                MG_TIMER () - TIME_START_DIR
  136.    1                  ELSE IF (IWHICH.EQ.EAST .OR. IWHICH.EQ.WEST) THEN
  137.    1                     MG_PERF%TIME_UNPACK_X_PE = MG_PERF%TIME_UNPACK_X_PE +     &
  138.  + 1                                                MG_TIMER () - TIME_START_DIR
  139.    1                  ELSE IF (IWHICH.EQ.NORTH .OR. IWHICH.EQ.SOUTH) THEN
  140.    1                     MG_PERF%TIME_UNPACK_Y_PE = MG_PERF%TIME_UNPACK_Y_PE +     &
  141.  + 1                                                MG_TIMER () - TIME_START_DIR
  142.    1                  END IF
  143.    1      
  144.    1               END IF
  145.    1---->       END DO
  146.           
  147.  +              CALL MG_ASSERT ( NUM_SENDS_OUTSTANDING, 'MG_UNPACK_BSPMA: NUM_SENDS_OUTSTANDING',  &
  148.                                    NUM_SENDS )
  149.  +              CALL MG_ASSERT ( NUM_RECVS_OUTSTANDING, 'MG_UNPACK_BSPMA: NUM_RECVS_OUTSTANDING',  &
  150.                                    NUM_RECVS )
  151.           
  152.                 NUM_RECVS = 0
  153.                 NUM_SENDS = 0
  154.           
  155.                 TIME_WAIT = TIME_WAIT_X +  TIME_WAIT_Y + TIME_WAIT_Z
  156.  +              MG_PERF%TIME_UNPACK_PE = MG_PERF%TIME_UNPACK_PE + MG_TIMER() - &
  157.                                          TIME_START - TIME_WAIT
  158.                 MG_PERF%TIME_WAIT_PE = MG_PERF%TIME_WAIT_PE + TIME_WAIT
  159.                 MG_PERF%TIME_WAIT_X_PE = MG_PERF%TIME_WAIT_X_PE + TIME_WAIT_X
  160.                 MG_PERF%TIME_WAIT_Y_PE = MG_PERF%TIME_WAIT_Y_PE + TIME_WAIT_Y
  161.                 MG_PERF%TIME_WAIT_Z_PE = MG_PERF%TIME_WAIT_Z_PE + TIME_WAIT_Z
  162.           
  163.           #endif _MG_MPI
  164.           
  165.                 RETURN
  166.              
  167.              END SUBROUTINE MG_UNPACK_BSPMA
  168.              
  169.           END MODULE MG_UNPACK_BSPMA_MOD

ftn-3118 ftn: IPA MG_UNPACK_BSPMA, File = MG_UNPACK_BSPMA.F, Line = 93, Column = 20 
  "mg_timer" (called from "mg_unpack_bspma") was not inlined because the call site will not flatten.  "mpi_wtime_" is missing.

ftn-6287 ftn: VECTOR MG_UNPACK_BSPMA, File = MG_UNPACK_BSPMA.F, Line = 101 
  A loop starting at line 101 was not vectorized because it contains a call to function "mg_timer" on line 103.

ftn-3118 ftn: IPA MG_UNPACK_BSPMA, File = MG_UNPACK_BSPMA.F, Line = 103, Column = 27 
  "mg_timer" (called from "mg_unpack_bspma") was not inlined because the call site will not flatten.  "mpi_wtime_" is missing.

ftn-3021 ftn: IPA MG_UNPACK_BSPMA, File = MG_UNPACK_BSPMA.F, Line = 104, Column = 15 
  "mpi_waitany" (called from "mg_unpack_bspma") was not inlined because the compiler was unable to locate the routine.

ftn-3118 ftn: IPA MG_UNPACK_BSPMA, File = MG_UNPACK_BSPMA.F, Line = 105, Column = 15 
  "mg_assert" (called from "mg_unpack_bspma") was not inlined because the call site will not flatten.  "mpi_abort_" is missing.

ftn-3118 ftn: IPA MG_UNPACK_BSPMA, File = MG_UNPACK_BSPMA.F, Line = 110, Column = 44 
  "mg_timer" (called from "mg_unpack_bspma") was not inlined because the call site will not flatten.  "mpi_wtime_" is missing.

ftn-3118 ftn: IPA MG_UNPACK_BSPMA, File = MG_UNPACK_BSPMA.F, Line = 112, Column = 44 
  "mg_timer" (called from "mg_unpack_bspma") was not inlined because the call site will not flatten.  "mpi_wtime_" is missing.

ftn-3118 ftn: IPA MG_UNPACK_BSPMA, File = MG_UNPACK_BSPMA.F, Line = 114, Column = 44 
  "mg_timer" (called from "mg_unpack_bspma") was not inlined because the call site will not flatten.  "mpi_wtime_" is missing.

ftn-3118 ftn: IPA MG_UNPACK_BSPMA, File = MG_UNPACK_BSPMA.F, Line = 120, Column = 44 
  "mg_timer" (called from "mg_unpack_bspma") was not inlined because the call site will not flatten.  "mpi_wtime_" is missing.

ftn-3118 ftn: IPA MG_UNPACK_BSPMA, File = MG_UNPACK_BSPMA.F, Line = 122, Column = 44 
  "mg_timer" (called from "mg_unpack_bspma") was not inlined because the call site will not flatten.  "mpi_wtime_" is missing.

ftn-3118 ftn: IPA MG_UNPACK_BSPMA, File = MG_UNPACK_BSPMA.F, Line = 124, Column = 44 
  "mg_timer" (called from "mg_unpack_bspma") was not inlined because the call site will not flatten.  "mpi_wtime_" is missing.

ftn-3118 ftn: IPA MG_UNPACK_BSPMA, File = MG_UNPACK_BSPMA.F, Line = 126, Column = 30 
  "mg_timer" (called from "mg_unpack_bspma") was not inlined because the call site will not flatten.  "mpi_wtime_" is missing.

ftn-6288 ftn: VECTOR MG_UNPACK_BSPMA, File = MG_UNPACK_BSPMA.F, Line = 129 
  A loop starting at line 129 was not vectorized because it contains a call to subroutine "mg_get_face" on line 130.

ftn-3022 ftn: IPA MG_UNPACK_BSPMA, File = MG_UNPACK_BSPMA.F, Line = 130, Column = 21 
  "mg_get_face" (called from "mg_unpack_bspma") was not inlined because this loop body has too many operations expanded.

ftn-3118 ftn: IPA MG_UNPACK_BSPMA, File = MG_UNPACK_BSPMA.F, Line = 135, Column = 43 
  "mg_timer" (called from "mg_unpack_bspma") was not inlined because the call site will not flatten.  "mpi_wtime_" is missing.

ftn-3118 ftn: IPA MG_UNPACK_BSPMA, File = MG_UNPACK_BSPMA.F, Line = 138, Column = 43 
  "mg_timer" (called from "mg_unpack_bspma") was not inlined because the call site will not flatten.  "mpi_wtime_" is missing.

ftn-3118 ftn: IPA MG_UNPACK_BSPMA, File = MG_UNPACK_BSPMA.F, Line = 141, Column = 43 
  "mg_timer" (called from "mg_unpack_bspma") was not inlined because the call site will not flatten.  "mpi_wtime_" is missing.

ftn-3118 ftn: IPA MG_UNPACK_BSPMA, File = MG_UNPACK_BSPMA.F, Line = 147, Column = 12 
  "mg_assert" (called from "mg_unpack_bspma") was not inlined because the call site will not flatten.  "mpi_abort_" is missing.

ftn-3118 ftn: IPA MG_UNPACK_BSPMA, File = MG_UNPACK_BSPMA.F, Line = 149, Column = 12 
  "mg_assert" (called from "mg_unpack_bspma") was not inlined because the call site will not flatten.  "mpi_abort_" is missing.

ftn-3118 ftn: IPA MG_UNPACK_BSPMA, File = MG_UNPACK_BSPMA.F, Line = 156, Column = 57 
  "mg_timer" (called from "mg_unpack_bspma") was not inlined because the call site will not flatten.  "mpi_wtime_" is missing.



%%%%%%%%%%%%%%%%%%%%%%%%%%%%%%%%%%%%%%%%%%%%%%%%%%%%%%%%%%%%%%%%%%%%%%%%%%%%%%%%
           C r o s s   R e f e r e n c e   for   MG_UNPACK_BSPMA_MOD
%%%%%%%%%%%%%%%%%%%%%%%%%%%%%%%%%%%%%%%%%%%%%%%%%%%%%%%%%%%%%%%%%%%%%%%%%%%%%%%%

Name                                      Storage/Owner                   
----                                      -------------                   

BACK                                      Module MG_CONSTANTS_MOD         
  Parameter, Integer(kind=4), Use assoc
  Declared  
  Defined   
  Referenced     109     119     133
  Referenced in contained procedure

EAST                                      Module MG_CONSTANTS_MOD         
  Parameter, Integer(kind=4), Use assoc
  Declared  
  Defined   
  Referenced     111     121     136
  Referenced in contained procedure

FRONT                                     Module MG_CONSTANTS_MOD         
  Parameter, Integer(kind=4), Use assoc
  Declared  
  Defined   
  Referenced     109     119     133
  Referenced in contained procedure

I                                         Stack                           
  Variable, Integer
  Declared        60
  Defined        108
  Referenced     109     111     113

IERR                                      MG_UNPACK_BSPMA                 
  Dummy Argument, Integer, Intent(out)
  Declared        41      52
  Defined         82
  Referenced     104     105     130

ISTAT                                     Stack                           
  Variable, Integer, Dimension(5)
  Declared        67
  Defined   
  Referenced     104     105

IWHICH                                    Stack                           
  Variable, Integer
  Declared        59
  Defined   
  Referenced     104     106     108     119     121     123     130     133     136     139

L                                         Stack                           
  Variable, Integer
  Declared        60
  Defined   
  Referenced

MAX_NUM_RECVS                             Module MG_CONSTANTS_MOD         
  Integer(kind=4), Use assoc
  Declared  
  Defined   
  Referenced     106     108
  Referenced in contained procedure

MAX_NUM_SENDS                             Module MG_CONSTANTS_MOD         
  Integer(kind=4), Use assoc
  Declared  
  Defined   
  Referenced
  Referenced in contained procedure

MG_ASSERT                                 Module MG_UTILS_MOD             
  Subroutine, Module procedure
  Declared  
  Defined   
  Referenced     105     105     147     149

MG_ASSERT                                 Module MG_UTILS_MOD             
  Subroutine, Module procedure
  Declared  
  Defined   
  Referenced     105     105     147     149

MG_CONSTANTS_MOD                                                          
  Module, Used indirectly (from module MG_PROFILING_MOD)
  Declared  
  Defined   
  Referenced

MG_CONSTANTS_MOD                                                          
  Module, Used indirectly (from module MG_UTILS_MOD)
  Declared  
  Defined   
  Referenced

MG_CONSTANTS_MOD                                                          
  Module
  Declared  
  Defined   
  Referenced      30

MG_CONSTANTS_MOD                                                          
  Module, Used indirectly (from module MG_GET_FACE_MOD)
  Declared  
  Defined   
  Referenced

MG_ENV_MOD                                                                
  Module, Used indirectly (from module MG_PROFILING_MOD)
  Declared  
  Defined   
  Referenced

MG_GET_FACE                               Module MG_GET_FACE_MOD          
  Subroutine, Module procedure
  Declared  
  Defined   
  Referenced     130

MG_GET_FACE                               Module MG_GET_FACE_MOD          
  Subroutine, Module procedure
  Declared  
  Defined   
  Referenced     130

MG_GET_FACE_MOD                                                           
  Module
  Declared  
  Defined   
  Referenced      32

MG_OPTIONS_MOD                                                            
  Module, Used indirectly (from module MG_PROFILING_MOD)
  Declared  
  Defined   
  Referenced

MG_OPTIONS_MOD                                                            
  Module, Used indirectly (from module MG_UTILS_MOD)
  Declared  
  Defined   
  Referenced

MG_OPTIONS_MOD                                                            
  Module, Used indirectly (from module MG_GET_FACE_MOD)
  Declared  
  Defined   
  Referenced

MG_PERF                                   Module MG_PROFILING_MOD         
  TYPE(PERF_CHECK), Use assoc
  Declared  
  Defined        134     137     140     156     158     159     160     161
  Referenced
  Referenced in contained procedure

MG_PROFILING_MOD                                                          
  Module
  Declared  
  Defined   
  Referenced      33

MG_REAL8                                  Module MG_CONSTANTS_MOD         
  Parameter, Integer(kind=1), Use assoc
  Declared  
  Defined   
  Referenced      70
  Referenced in contained procedure

MG_TIMER                                  Module MG_UTILS_MOD             
  Function, Double Precision, result(MG_TIMER), Module procedure
  Declared  
  Defined   
  Referenced      93     103     110     112     114     120     122     124     126     135     138     141     156

MG_TIMER                                  Module MG_UTILS_MOD             
  Function, Double Precision, result(MG_TIMER), Module procedure
  Declared  
  Defined   
  Referenced      93     103     110     112     114     120     122     124     126     135     138     141     156

MG_UNPACK_BSPMA                                                           
  Subroutine, Module procedure
  Declared        41
  Defined   
  Referenced

MG_UNPACK_BSPMA_MOD                                                       
  Module
  Declared        28
  Defined   
  Referenced

MG_UTILS_MOD                                                              
  Module, Used indirectly (from module MG_GET_FACE_MOD)
  Declared  
  Defined   
  Referenced

MG_UTILS_MOD                                                              
  Module
  Declared  
  Defined   
  Referenced      31

MG_UTILS_MOD                                                              
  Module, Used indirectly (from module MG_PROFILING_MOD)
  Declared  
  Defined   
  Referenced

MPIFCMB5                                  Module MG_CONSTANTS_MOD         
  Common block 
  Declared  
  Defined   
  Referenced

MPIFCMB9                                  Module MG_CONSTANTS_MOD         
  Common block 
  Declared  
  Defined   
  Referenced

MPIPRIV1                                  Module MG_CONSTANTS_MOD         
  Common block 
  Declared  
  Defined   
  Referenced

MPIPRIV2                                  Module MG_CONSTANTS_MOD         
  Common block 
  Declared  
  Defined   
  Referenced

MPIPRIVC                                  Module MG_CONSTANTS_MOD         
  Common block 
  Declared  
  Defined   
  Referenced

MPI_ERROR                                 Module MG_CONSTANTS_MOD         
  Parameter, Integer, Use assoc
  Declared  
  Defined   
  Referenced     105
  Referenced in contained procedure

MPI_STATUS_SIZE                           Module MG_CONSTANTS_MOD         
  Parameter, Integer, Use assoc
  Declared  
  Defined   
  Referenced      67
  Referenced in contained procedure

MPI_WAITANY                                                               
  Subroutine, External
  Declared  
  Defined   
  Referenced     104

MSG_REQS                                  Module MG_CONSTANTS_MOD         
  Integer(kind=4), Use assoc, Dimension(:), Allocatable
  Declared  
  Defined   
  Referenced     104
  Referenced in contained procedure

NORTH                                     Module MG_CONSTANTS_MOD         
  Parameter, Integer(kind=4), Use assoc
  Declared  
  Defined   
  Referenced     113     123     139
  Referenced in contained procedure

NUMPES                                    Module MG_CONSTANTS_MOD         
  Integer(kind=4), Use assoc
  Declared  
  Defined   
  Referenced      84
  Referenced in contained procedure

NUM_RECVS                                 Module MG_CONSTANTS_MOD         
  Integer(kind=4), Use assoc
  Declared  
  Defined        152
  Referenced      96     101     150
  Referenced in contained procedure

NUM_RECVS_OUTSTANDING                     Stack                           
  Variable, Integer
  Declared        61
  Defined         96     132
  Referenced     149

NUM_SENDS                                 Module MG_CONSTANTS_MOD         
  Integer(kind=4), Use assoc
  Declared  
  Defined        153
  Referenced      95     101     148
  Referenced in contained procedure

NUM_SENDS_OUTSTANDING                     Stack                           
  Variable, Integer
  Declared        62
  Defined         95     107
  Referenced     147

NUM_VARS                                  Module MG_OPTIONS_MOD           
  Integer, Use assoc
  Declared  
  Defined   
  Referenced     129
  Referenced in contained procedure

OFFSET                                    Stack                           
  Variable, Integer
  Declared        63
  Defined        128
  Referenced     130

SOUTH                                     Module MG_CONSTANTS_MOD         
  Parameter, Integer(kind=4), Use assoc
  Declared  
  Defined   
  Referenced     113     123     139
  Referenced in contained procedure

TIME_START                                Stack                           
  Variable, Real(kind=8)
  Declared        71
  Defined         93
  Referenced     157

TIME_START_DIR                            Stack                           
  Variable, Real(kind=8)
  Declared        72
  Defined        103     126
  Referenced     110     112     114     120     122     124     135     138     141

TIME_UNPACK_PE                            Structure offset=1792           
  Real(kind=8), Component of PERF_CHECK
  Declared  
  Defined   
  Referenced     156

TIME_UNPACK_X_PE                          Structure offset=2240           
  Real(kind=8), Component of PERF_CHECK
  Declared  
  Defined   
  Referenced     137

TIME_UNPACK_Y_PE                          Structure offset=2560           
  Real(kind=8), Component of PERF_CHECK
  Declared  
  Defined   
  Referenced     140

TIME_UNPACK_Z_PE                          Structure offset=2880           
  Real(kind=8), Component of PERF_CHECK
  Declared  
  Defined   
  Referenced     134

TIME_WAIT                                 Stack                           
  Variable, Real(kind=8)
  Declared        73
  Defined        155
  Referenced     157     158

TIME_WAIT_PE                              Structure offset=1856           
  Real(kind=8), Component of PERF_CHECK
  Declared  
  Defined   
  Referenced     158

TIME_WAIT_X                               Stack                           
  Variable, Real(kind=8)
  Declared        74
  Defined         89     112     122
  Referenced     155     159

TIME_WAIT_X_PE                            Structure offset=2112           
  Real(kind=8), Component of PERF_CHECK
  Declared  
  Defined   
  Referenced     159

TIME_WAIT_Y                               Stack                           
  Variable, Real(kind=8)
  Declared        75
  Defined         90     114     124
  Referenced     155     160

TIME_WAIT_Y_PE                            Structure offset=2432           
  Real(kind=8), Component of PERF_CHECK
  Declared  
  Defined   
  Referenced     160

TIME_WAIT_Z                               Stack                           
  Variable, Real(kind=8)
  Declared        76
  Defined         91     110     120
  Referenced     155     161

TIME_WAIT_Z_PE                            Structure offset=2752           
  Real(kind=8), Component of PERF_CHECK
  Declared  
  Defined   
  Referenced     161

WEST                                      Module MG_CONSTANTS_MOD         
  Parameter, Integer(kind=4), Use assoc
  Declared  
  Defined   
  Referenced     111     121     136
  Referenced in contained procedure


%%%%%%%%%%%%%%%%%%%%%%%%%%%%%%%%%%%%%%%%%%%%%%%%%%%%%%%%%%%%%%%%%%%%%%%%%%%%%%%%
                     C o m m o n   B l o c k   R e p o r t
%%%%%%%%%%%%%%%%%%%%%%%%%%%%%%%%%%%%%%%%%%%%%%%%%%%%%%%%%%%%%%%%%%%%%%%%%%%%%%%%

Blk  Program Unit                     Messages
---  ------------                     --------
/MPIFCMB5/                            Length: 4 bytes

     MG_UNPACK_BSPMA_MOD              Block is used from MG_CONSTANTS_MOD

Blk  Program Unit                     Messages
---  ------------                     --------
/MPIFCMB9/                            Length: 4 bytes

     MG_UNPACK_BSPMA_MOD              Block is used from MG_CONSTANTS_MOD

Blk  Program Unit                     Messages
---  ------------                     --------
/MPIPRIV1/                            Length: 28 bytes

     MG_UNPACK_BSPMA_MOD              Block is used from MG_CONSTANTS_MOD

Blk  Program Unit                     Messages
---  ------------                     --------
/MPIPRIV2/                            Length: 24 bytes

     MG_UNPACK_BSPMA_MOD              Block is used from MG_CONSTANTS_MOD

Blk  Program Unit                     Messages
---  ------------                     --------
/MPIPRIVC/                            Length: 2 bytes

     MG_UNPACK_BSPMA_MOD              Block is used from MG_CONSTANTS_MOD


%%%%%%%%%%%%%%%%%%%%%%%%%%%%%%%%%%%%%%%%%%%%%%%%%%%%%%%%%%%%%%%%%%%%%%%%%%%%%%%%
                         E x t e r n a l   R e p o r t
%%%%%%%%%%%%%%%%%%%%%%%%%%%%%%%%%%%%%%%%%%%%%%%%%%%%%%%%%%%%%%%%%%%%%%%%%%%%%%%%

Name  Messages
----  --------
ENV in MG_ENV_MOD
      Defined as:  No definitions.

                   No calls.  It is not called and does not use any procedure.

      Interface:   None

Name  Messages
----  --------
GET_FACE in MG_GET_FACE_MOD
      Defined as:  No definitions.

                   No calls.  It is not called and does not use any procedure.

      Interface:   None

Name  Messages
----  --------
MG_ASSERT in MG_UTILS_MOD
      Defined as:  No definitions.

      Interface:   None

      Called By:   MG_UNPACK_BSPMA in MG_UNPACK_BSPMA_MOD (Line 105, file MG_UNPACK_BSPMA.F)

Name  Messages
----  --------
MG_COMPUTE_STDDEV in MG_UTILS_MOD
      Defined as:  No definitions.

                   No calls.  It is not called and does not use any procedure.

      Interface:   None

Name  Messages
----  --------
MG_CONSTANTS_MOD
      Defined as:  No definitions.

      Used By:     MG_UNPACK_BSPMA_MOD
                   MG_UNPACK_BSPMA_MOD  (indirectly)
                   MG_UNPACK_BSPMA_MOD  (indirectly)
                   MG_UNPACK_BSPMA_MOD  (indirectly)

Name  Messages
----  --------
MG_ENV_MOD
      Defined as:  No definitions.

      Used By:     MG_UNPACK_BSPMA_MOD  (indirectly)

Name  Messages
----  --------
MG_GET_FACE in MG_GET_FACE_MOD
      Defined as:  No definitions.

                   No calls.  It is not called and does not use any procedure.

      Interface:   None

Name  Messages
----  --------
MG_GET_FACE_MOD
      Defined as:  No definitions.

      Used By:     MG_UNPACK_BSPMA_MOD

Name  Messages
----  --------
MG_GRID_DEALLOC in MG_UTILS_MOD
      Defined as:  No definitions.

                   No calls.  It is not called and does not use any procedure.

      Interface:   None

Name  Messages
----  --------
MG_GRID_INIT in MG_UTILS_MOD
      Defined as:  No definitions.

                   No calls.  It is not called and does not use any procedure.

      Interface:   None

Name  Messages
----  --------
MG_INIT in MG_UTILS_MOD
      Defined as:  No definitions.

                   No calls.  It is not called and does not use any procedure.

      Interface:   None

Name  Messages
----  --------
MG_INIT_GRID in MG_UTILS_MOD
      Defined as:  No definitions.

                   No calls.  It is not called and does not use any procedure.

      Interface:   None

Name  Messages
----  --------
MG_INSERT_SPIKE in MG_UTILS_MOD
      Defined as:  No definitions.

                   No calls.  It is not called and does not use any procedure.

      Interface:   None

Name  Messages
----  --------
MG_OPTIONS_MOD
      Defined as:  No definitions.

      Used By:     MG_UNPACK_BSPMA_MOD  (indirectly)
                   MG_UNPACK_BSPMA_MOD  (indirectly)
                   MG_UNPACK_BSPMA_MOD  (indirectly)

Name  Messages
----  --------
MG_PERF_INIT in MG_PROFILING_MOD
      Defined as:  No definitions.

                   No calls.  It is not called and does not use any procedure.

      Interface:   None

Name  Messages
----  --------
MG_PERF_REPORT in MG_PROFILING_MOD
      Defined as:  No definitions.

                   No calls.  It is not called and does not use any procedure.

      Interface:   None

Name  Messages
----  --------
MG_PRINT_HEADER in MG_UTILS_MOD
      Defined as:  No definitions.

                   No calls.  It is not called and does not use any procedure.

      Interface:   None

Name  Messages
----  --------
MG_PROFILING_MOD
      Defined as:  No definitions.

      Used By:     MG_UNPACK_BSPMA_MOD

Name  Messages
----  --------
MG_TIMER in MG_UTILS_MOD
      Defined as:  No definitions.

      Interface:   None

      Called By:   MG_UNPACK_BSPMA in MG_UNPACK_BSPMA_MOD (Line 93, file MG_UNPACK_BSPMA.F)
                   MG_UNPACK_BSPMA in MG_UNPACK_BSPMA_MOD (Line 103, file MG_UNPACK_BSPMA.F)
                   MG_UNPACK_BSPMA in MG_UNPACK_BSPMA_MOD (Line 110, file MG_UNPACK_BSPMA.F)
                   MG_UNPACK_BSPMA in MG_UNPACK_BSPMA_MOD (Line 112, file MG_UNPACK_BSPMA.F)
                   MG_UNPACK_BSPMA in MG_UNPACK_BSPMA_MOD (Line 114, file MG_UNPACK_BSPMA.F)
                   MG_UNPACK_BSPMA in MG_UNPACK_BSPMA_MOD (Line 120, file MG_UNPACK_BSPMA.F)
                   MG_UNPACK_BSPMA in MG_UNPACK_BSPMA_MOD (Line 122, file MG_UNPACK_BSPMA.F)
                   MG_UNPACK_BSPMA in MG_UNPACK_BSPMA_MOD (Line 124, file MG_UNPACK_BSPMA.F)
                   MG_UNPACK_BSPMA in MG_UNPACK_BSPMA_MOD (Line 126, file MG_UNPACK_BSPMA.F)
                   MG_UNPACK_BSPMA in MG_UNPACK_BSPMA_MOD (Line 135, file MG_UNPACK_BSPMA.F)
                   MG_UNPACK_BSPMA in MG_UNPACK_BSPMA_MOD (Line 138, file MG_UNPACK_BSPMA.F)
                   MG_UNPACK_BSPMA in MG_UNPACK_BSPMA_MOD (Line 141, file MG_UNPACK_BSPMA.F)
                   MG_UNPACK_BSPMA in MG_UNPACK_BSPMA_MOD (Line 156, file MG_UNPACK_BSPMA.F)

Name  Messages
----  --------
MG_UNPACK_BSPMA in MG_UNPACK_BSPMA_MOD
      Defined as:  Subroutine (line 41, file MG_UNPACK_BSPMA.F)

      Interface:   None

      Calls:       MG_ASSERT in MG_UTILS_MOD (Line 105, file MG_UNPACK_BSPMA.F)
                   MG_TIMER in MG_UTILS_MOD (Line 93, file MG_UNPACK_BSPMA.F)
                   MG_TIMER in MG_UTILS_MOD (Line 103, file MG_UNPACK_BSPMA.F)
                   MG_TIMER in MG_UTILS_MOD (Line 110, file MG_UNPACK_BSPMA.F)
                   MG_TIMER in MG_UTILS_MOD (Line 112, file MG_UNPACK_BSPMA.F)
                   MG_TIMER in MG_UTILS_MOD (Line 114, file MG_UNPACK_BSPMA.F)
                   MG_TIMER in MG_UTILS_MOD (Line 120, file MG_UNPACK_BSPMA.F)
                   MG_TIMER in MG_UTILS_MOD (Line 122, file MG_UNPACK_BSPMA.F)
                   MG_TIMER in MG_UTILS_MOD (Line 124, file MG_UNPACK_BSPMA.F)
                   MG_TIMER in MG_UTILS_MOD (Line 126, file MG_UNPACK_BSPMA.F)
                   MG_TIMER in MG_UTILS_MOD (Line 135, file MG_UNPACK_BSPMA.F)
                   MG_TIMER in MG_UTILS_MOD (Line 138, file MG_UNPACK_BSPMA.F)
                   MG_TIMER in MG_UTILS_MOD (Line 141, file MG_UNPACK_BSPMA.F)
                   MG_TIMER in MG_UTILS_MOD (Line 156, file MG_UNPACK_BSPMA.F)
                   MPI_WAITANY (Line 104, file MG_UNPACK_BSPMA.F)

Name  Messages
----  --------
MG_UNPACK_BSPMA_MOD
      Defined as:  Module (line 28, file MG_UNPACK_BSPMA.F)

        Uses:      MG_CONSTANTS_MOD
                   MG_UTILS_MOD
                   MG_OPTIONS_MOD  (indirectly)
                   MG_CONSTANTS_MOD  (indirectly)
                   MG_GET_FACE_MOD
                   MG_OPTIONS_MOD  (indirectly)
                   MG_UTILS_MOD  (indirectly)
                   MG_CONSTANTS_MOD  (indirectly)
                   MG_PROFILING_MOD
                   MG_OPTIONS_MOD  (indirectly)
                   MG_ENV_MOD  (indirectly)
                   MG_UTILS_MOD  (indirectly)
                   MG_CONSTANTS_MOD  (indirectly)

Name  Messages
----  --------
MG_UTILS_MOD
      Defined as:  No definitions.

      Used By:     MG_UNPACK_BSPMA_MOD
                   MG_UNPACK_BSPMA_MOD  (indirectly)
                   MG_UNPACK_BSPMA_MOD  (indirectly)

Name  Messages
----  --------
MPI_COMM_DUP_FN
      Defined as:  No definitions.

                   No calls.  It is not called and does not use any procedure.

Name  Messages
----  --------
MPI_COMM_NULL_COPY_FN
      Defined as:  No definitions.

                   No calls.  It is not called and does not use any procedure.

Name  Messages
----  --------
MPI_COMM_NULL_DELETE_FN
      Defined as:  No definitions.

                   No calls.  It is not called and does not use any procedure.

Name  Messages
----  --------
MPI_CONVERSION_FN_NULL
      Defined as:  No definitions.

                   No calls.  It is not called and does not use any procedure.

Name  Messages
----  --------
MPI_DUP_FN
      Defined as:  No definitions.

                   No calls.  It is not called and does not use any procedure.

Name  Messages
----  --------
MPI_NULL_COPY_FN
      Defined as:  No definitions.

                   No calls.  It is not called and does not use any procedure.

Name  Messages
----  --------
MPI_NULL_DELETE_FN
      Defined as:  No definitions.

                   No calls.  It is not called and does not use any procedure.

Name  Messages
----  --------
MPI_TYPE_DUP_FN
      Defined as:  No definitions.

                   No calls.  It is not called and does not use any procedure.

Name  Messages
----  --------
MPI_TYPE_NULL_COPY_FN
      Defined as:  No definitions.

                   No calls.  It is not called and does not use any procedure.

Name  Messages
----  --------
MPI_TYPE_NULL_DELETE_FN
      Defined as:  No definitions.

                   No calls.  It is not called and does not use any procedure.

Name  Messages
----  --------
MPI_WAITANY
      Defined as:  No definitions.

      Interface:   None

      Called By:   MG_UNPACK_BSPMA in MG_UNPACK_BSPMA_MOD (Line 104, file MG_UNPACK_BSPMA.F)

Name  Messages
----  --------
MPI_WIN_DUP_FN
      Defined as:  No definitions.

                   No calls.  It is not called and does not use any procedure.

Name  Messages
----  --------
MPI_WIN_NULL_COPY_FN
      Defined as:  No definitions.

                   No calls.  It is not called and does not use any procedure.

Name  Messages
----  --------
MPI_WIN_NULL_DELETE_FN
      Defined as:  No definitions.

                   No calls.  It is not called and does not use any procedure.

Name  Messages
----  --------
MPI_WTICK
      Defined as:  No definitions.

                   No calls.  It is not called and does not use any procedure.

      Interface:   None

Name  Messages
----  --------
MPI_WTIME
      Defined as:  No definitions.

                   No calls.  It is not called and does not use any procedure.

      Interface:   None

Name  Messages
----  --------
PMPI_WTICK
      Defined as:  No definitions.

                   No calls.  It is not called and does not use any procedure.

      Interface:   None

Name  Messages
----  --------
PMPI_WTIME
      Defined as:  No definitions.

                   No calls.  It is not called and does not use any procedure.

      Interface:   None


%%%%%%%%%%%%%%%%%%%%%%%%%%%%%%%%%%%%%%%%%%%%%%%%%%%%%%%%%%%%%%%%%%%%%%%%%%%%%%%%
%%%%%%%%%%%%%%%%%%%%%%%%%%%%%%%%%%%%%%%%%%%%%%%%%%%%%%%%%%%%%%%%%%%%%%%%%%%%%%%%
