%%%%%%%%%%%%%%%%%%%%%%%%%%%%%%%%%%%%%%%%%%%%%%%%%%%%%%%%%%%%%%%%%%%%%%%%%%%%%%%%
                          S u m m a r y   R e p o r t
%%%%%%%%%%%%%%%%%%%%%%%%%%%%%%%%%%%%%%%%%%%%%%%%%%%%%%%%%%%%%%%%%%%%%%%%%%%%%%%%

Compilation
-----------
File     : /lus/scratch/p02128/work/MiniGhost/source/MG_UNPACK_SVAF.F
Compiled : 10/31/18  05:23:39
Compiler : Version 8.7.6
Ftnlx    : Version 8503 (libcif 85008)
Target   : x86-64
Command  : ftn_driver.exe -hcpu=broadwell -hstatic -D__CRAYXC
           -D__CRAY_BROADWELL -D__CRAYXT_COMPUTE_LINUX_TARGET -hnetwork=aries
           -D_MG_MPI -D_MG_INT4 -D_MG_REAL8 -ffree -hlist=a -c MG_UNPACK_SVAF.F
           -I/opt/cray/pe/cce/8.7.6/cce/x86_64/include/craylibs -I/usr/include
           -I/usr/include -I/opt/cray/pe/mpt/7.7.3/gni/mpich-cray/8.6/include
           -I/opt/cray/pe/libsci/18.07.1/CRAY/8.6/x86_64/include
           -I/opt/cray/rca/2.2.18-6.0.7.0_33.3__g2aa4f39.ari/include
           -I/opt/cray/pe/pmi/5.0.14/include
           -I/opt/cray/xpmem/2.2.15-6.0.7.0_35.11__g7549d06.ari/include
           -I/opt/cray/dmapp/7.1.1-6.0.7.0_34.3__g5a674e0.ari/include
           -I/opt/cray/gni-headers/5.0.12.0-6.0.7.0_24.1__g3b1768f.ari/include
           -I/opt/cray/ugni/6.0.14.0-6.0.7.0_23.1__gea11d3d.ari/include
           -I/opt/cray/udreg/2.3.2-6.0.7.0_33.18__g5196236.ari/include
           -I/opt/cray/alps/6.6.43-6.0.7.0_26.4__ga796da3.ari/include
           -I/opt/cray/wlm_detect/1.3.3-6.0.7.0_47.2__g7109084.ari/include
           -I/opt/cray/krca/2.2.4-6.0.7.0_32.3__g8505b97.ari/include
           -I/opt/cray-hss-devel/8.0.0/include
Program
  Units  : MG_UNPACK_SVAF_MOD

ftnlx report
------------
Source   : /lus/scratch/p02128/work/MiniGhost/source/MG_UNPACK_SVAF.F
Date     : 10/31/2018  05:23:39


%%%%%%%%%%%%%%%%%%%%%%%%%%%%%%%%%%%%%%%%%%%%%%%%%%%%%%%%%%%%%%%%%%%%%%%%%%%%%%%%
                          O p t i o n s   R e p o r t
%%%%%%%%%%%%%%%%%%%%%%%%%%%%%%%%%%%%%%%%%%%%%%%%%%%%%%%%%%%%%%%%%%%%%%%%%%%%%%%%

Options :  -O cache2,scalar2,thread2,vector2,mpi0,modinline,ipa3,noaggress
           -O autoprefetch,noautothread,fusion2,nomsgs,nonegmsgs,nooverindex
           -O pattern,shortcircuit2,unroll2,nozeroinc
           -h noadd_paren,align_arrays,nobounds,caf,noconcurrent,nocontiguous
           -h nocontiguous_assumed_shape,fma,nofp_trap,nofunc_trace,noomp_analyz
           e
           -h noomp_trace,nopat_trace
           -h safe_addr,thread_do_concurrent,fp2=approx,flex_mp=default         
           -h alias=default:standard_restrict         
           -h static (or -static)
           -h omp,noacc
           -h cpu=x86-64,broadwell
           -h network=aries
           -K trap=none
           -s default32
           -eh
           -d abcdefgijmopqsvwzACEFIPQRST0
           -e nBDZ 
           -f free
           -m3
           -S /lus/scratch/tmp/pe_5187/MG_UNPACK_SVAF_1.s


%%%%%%%%%%%%%%%%%%%%%%%%%%%%%%%%%%%%%%%%%%%%%%%%%%%%%%%%%%%%%%%%%%%%%%%%%%%%%%%%
                          S o u r c e   L i s t i n g
%%%%%%%%%%%%%%%%%%%%%%%%%%%%%%%%%%%%%%%%%%%%%%%%%%%%%%%%%%%%%%%%%%%%%%%%%%%%%%%%


     %%%    L o o p m a r k   L e g e n d    %%%

     Primary Loop Type        Modifiers
     ------- ---- ----        ---------
     A - Pattern matched      a - atomic memory operation
                              b - blocked
     C - Collapsed            c - conditional and/or computed
     D - Deleted               
     E - Cloned                
     F - Flat - No calls      f - fused
     G - Accelerated          g - partitioned
     I - Inlined              i - interchanged
     M - Multithreaded        m - partitioned
                              n - non-blocking remote transfer
                              p - partial
     R - Rerolling            r - unrolled
                              s - shortloop
     V - Vectorized           w - unwound

     + - More messages listed at end of listing
     ------------------------------------------


    1.         ! ************************************************************************
    2.         !
    3.         !               miniGhost: stencil computations with boundary exchange.
    4.         !                 Copyright (2012) Sandia Corporation
    5.         !
    6.         ! Under terms of Contract DE-AC04-94AL85000, there is a non-exclusive
    7.         ! license for use of this work by or on behalf of the U.S. Government.
    8.         !
    9.         ! This library is free software; you can redistribute it and/or modify
   10.         ! it under the terms of the GNU Lesser General Public License as
   11.         ! published by the Free Software Foundation; either version 2.1 of the
   12.         ! License, or (at your option) any later version.
   13.         !
   14.         ! This library is distributed in the hope that it will be useful, but
   15.         ! WITHOUT ANY WARRANTY; without even the implied warranty of
   16.         ! MERCHANTABILITY or FITNESS FOR A PARTICULAR PURPOSE.  See the GNU
   17.         ! Lesser General Public License for more details.
   18.         !
   19.         ! You should have received a copy of the GNU Lesser General Public
   20.         ! License along with this library; if not, write to the Free Software
   21.         ! Foundation, Inc., 59 Temple Place, Suite 330, Boston, MA 02111-1307
   22.         ! USA
   23.         ! Questions? Contact Richard F. Barrett (rfbarre@sandia.gov) or
   24.         !                    Michael A. Heroux (maherou@sandia.gov)
   25.         !
   26.         ! ************************************************************************
   27.         
   28.         MODULE MG_UNPACK_SVAF_MOD
   29.         
   30.            ! Purpose
   31.            ! =======
   32.            ! Complete incoming non-blocking MPI messages, and unpack data
   33.            ! into appropriate variables.
   34.         
   35.            USE MG_CONSTANTS_MOD
   36.            USE MG_UTILS_MOD
   37.            USE MG_GET_FACE_MOD
   38.            USE MG_PROFILING_MOD
   39.         
   40.            IMPLICIT NONE
   41.         
   42.            ! Note: Using 0-based indexing on arrays.
   43.         
   44.         CONTAINS
   45.            
   46.            SUBROUTINE MG_UNPACK_SVAF ( GRID, IERR )
   47.            
   48.               ! -------------------------------------
   49.               ! Unpack neighbor recvd data into GRID.
   50.               ! -------------------------------------
   51.         
   52.               ! ---------------------
   53.               ! Argument Declarations
   54.               ! ---------------------
   55.         
   56.               INTEGER, INTENT(OUT) :: &
   57.                  IERR           ! Return status
   58.         
   59.               REAL(KIND=MG_REAL), DIMENSION(0:NX+1, 0:NY+1, 0:NZ+1), INTENT(INOUT) :: &
   60.                  GRID
   61.         
   62.               ! ------------------
   63.               ! Local Declarations
   64.               ! ------------------
   65.            
   66.               INTEGER ::        &
   67.                  IWHICH,                      &  ! MPI_Wait_any SRC process
   68.                  I, L,                        &  ! Counters
   69.                  NUM_RECVS_OUTSTANDING,       &  ! Keep track of progress
   70.                  NUM_SENDS_OUTSTANDING,       &
   71.                  OFFSET
   72.            
   73.         #if defined _MG_MPI
   74.               INTEGER ::     &
   75.                  ISTAT(MPI_STATUS_SIZE)
   76.         #endif
   77.         
   78.               REAL(KIND=MG_REAL8) ::         &
   79.                  TIME_START,              &
   80.                  TIME_START_DIR,          &
   81.                  TIME_WAIT,               &
   82.                  TIME_WAIT_X,             &
   83.                  TIME_WAIT_Y,             &
   84.                  TIME_WAIT_Z
   85.         
   86.               ! ---------------------
   87.               ! Executable Statements
   88.               ! ---------------------
   89.         
   90.               IERR = 0
   91.         
   92.               IF ( NUMPES == 1 ) &
   93.                  RETURN
   94.         
   95.         #if defined _MG_MPI
   96.         
   97.               TIME_WAIT_X = 0.0
   98.               TIME_WAIT_Y = 0.0
   99.               TIME_WAIT_Z = 0.0
  100.         
  101.  +            TIME_START = MG_TIMER()
  102.         
  103.               NUM_SENDS_OUTSTANDING = NUM_SENDS
  104.               NUM_RECVS_OUTSTANDING = NUM_RECVS
  105.         
  106.               ! Complete sends and receives. 
  107.               ! If recv, unpack into user space (domain face).
  108.         
  109.  + 1--<       DO L = 1, NUM_RECVS + NUM_SENDS
  110.    1    
  111.  + 1             TIME_START_DIR = MG_TIMER ()
  112.  + 1             CALL MPI_WAITANY ( MAX_NUM_SENDS + MAX_NUM_RECVS, MSG_REQS, IWHICH, ISTAT, IERR )
  113.  + 1             CALL MG_ASSERT ( IERR, 'MG_UNPACK_SVAF: MPI_WAITANY', ISTAT(MPI_ERROR) )
  114.    1    
  115.    1             IF ( IWHICH > MAX_NUM_RECVS ) THEN
  116.    1    
  117.    1                NUM_SENDS_OUTSTANDING = NUM_SENDS_OUTSTANDING - 1
  118.    1                I = IWHICH - MAX_NUM_RECVS
  119.    1                IF (I.EQ.BACK .OR. I.EQ.FRONT) THEN
  120.  + 1                   TIME_WAIT_Z = TIME_WAIT_Z + MG_TIMER () - TIME_START_DIR
  121.    1                ELSE IF (I.EQ.EAST .OR. I.EQ.WEST) THEN
  122.  + 1                   TIME_WAIT_X = TIME_WAIT_X + MG_TIMER () - TIME_START_DIR
  123.    1                ELSE IF (I.EQ.NORTH .OR. I.EQ.SOUTH) THEN
  124.  + 1                   TIME_WAIT_Y = TIME_WAIT_Y + MG_TIMER () - TIME_START_DIR
  125.    1                END IF
  126.    1    
  127.    1             ELSE 
  128.    1    
  129.    1                IF (IWHICH.EQ.BACK .OR. IWHICH.EQ.FRONT) THEN
  130.  + 1                   TIME_WAIT_Z = TIME_WAIT_Z + MG_TIMER () - TIME_START_DIR
  131.    1                ELSE IF (IWHICH.EQ.EAST .OR. IWHICH.EQ.WEST) THEN
  132.  + 1                   TIME_WAIT_X = TIME_WAIT_X + MG_TIMER () - TIME_START_DIR
  133.    1                ELSE IF (IWHICH.EQ.NORTH .OR. IWHICH.EQ.SOUTH) THEN
  134.  + 1                   TIME_WAIT_Y = TIME_WAIT_Y + MG_TIMER () - TIME_START_DIR
  135.    1                END IF
  136.  + 1                TIME_START_DIR = MG_TIMER ()
  137.    1    
  138.    1                OFFSET = 0
  139.  + 1                CALL GET_FACE ( IWHICH, OFFSET, GRID, IERR )
  140.    1                NUM_RECVS_OUTSTANDING = NUM_RECVS_OUTSTANDING - 1
  141.    1                IF (IWHICH.EQ.BACK .OR. IWHICH.EQ.FRONT) THEN
  142.    1                   MG_PERF%TIME_UNPACK_Z_PE = MG_PERF%TIME_UNPACK_Z_PE +     &
  143.  + 1                                              MG_TIMER () - TIME_START_DIR
  144.    1                ELSE IF (IWHICH.EQ.EAST .OR. IWHICH.EQ.WEST) THEN
  145.    1                   MG_PERF%TIME_UNPACK_X_PE = MG_PERF%TIME_UNPACK_X_PE +     &
  146.  + 1                                              MG_TIMER () - TIME_START_DIR
  147.    1                ELSE IF (IWHICH.EQ.NORTH .OR. IWHICH.EQ.SOUTH) THEN
  148.    1                   MG_PERF%TIME_UNPACK_Y_PE = MG_PERF%TIME_UNPACK_Y_PE +     &
  149.  + 1                                              MG_TIMER () - TIME_START_DIR
  150.    1                END IF
  151.    1    
  152.    1             END IF
  153.    1-->       END DO
  154.         
  155.  +            CALL MG_ASSERT ( NUM_SENDS_OUTSTANDING, 'MG_UNPACK_SVAF: NUM_SENDS_OUTSTANDING',  &
  156.                                  NUM_SENDS )
  157.  +            CALL MG_ASSERT ( NUM_RECVS_OUTSTANDING, 'MG_UNPACK_SVAF: NUM_RECVS_OUTSTANDING',  &
  158.                                  NUM_RECVS )
  159.         
  160.               NUM_RECVS = 0
  161.               NUM_SENDS = 0
  162.         
  163.               TIME_WAIT = TIME_WAIT_X +  TIME_WAIT_Y + TIME_WAIT_Z
  164.  +            MG_PERF%TIME_UNPACK_PE = MG_PERF%TIME_UNPACK_PE + MG_TIMER() - &
  165.                                        TIME_START - TIME_WAIT
  166.               MG_PERF%TIME_WAIT_PE = MG_PERF%TIME_WAIT_PE + TIME_WAIT
  167.               MG_PERF%TIME_WAIT_X_PE = MG_PERF%TIME_WAIT_X_PE + TIME_WAIT_X
  168.               MG_PERF%TIME_WAIT_Y_PE = MG_PERF%TIME_WAIT_Y_PE + TIME_WAIT_Y
  169.               MG_PERF%TIME_WAIT_Z_PE = MG_PERF%TIME_WAIT_Z_PE + TIME_WAIT_Z
  170.         
  171.         #endif _MG_MPI
  172.         
  173.               RETURN
  174.            
  175.            END SUBROUTINE MG_UNPACK_SVAF
  176.            
  177.         END MODULE MG_UNPACK_SVAF_MOD

ftn-3118 ftn: IPA MG_UNPACK_SVAF, File = MG_UNPACK_SVAF.F, Line = 101, Column = 20 
  "mg_timer" (called from "mg_unpack_svaf") was not inlined because the call site will not flatten.  "mpi_wtime_" is missing.

ftn-6287 ftn: VECTOR MG_UNPACK_SVAF, File = MG_UNPACK_SVAF.F, Line = 109 
  A loop starting at line 109 was not vectorized because it contains a call to function "mg_timer" on line 111.

ftn-3118 ftn: IPA MG_UNPACK_SVAF, File = MG_UNPACK_SVAF.F, Line = 111, Column = 27 
  "mg_timer" (called from "mg_unpack_svaf") was not inlined because the call site will not flatten.  "mpi_wtime_" is missing.

ftn-3021 ftn: IPA MG_UNPACK_SVAF, File = MG_UNPACK_SVAF.F, Line = 112, Column = 15 
  "mpi_waitany" (called from "mg_unpack_svaf") was not inlined because the compiler was unable to locate the routine.

ftn-3118 ftn: IPA MG_UNPACK_SVAF, File = MG_UNPACK_SVAF.F, Line = 113, Column = 15 
  "mg_assert" (called from "mg_unpack_svaf") was not inlined because the call site will not flatten.  "mpi_abort_" is missing.

ftn-3118 ftn: IPA MG_UNPACK_SVAF, File = MG_UNPACK_SVAF.F, Line = 120, Column = 44 
  "mg_timer" (called from "mg_unpack_svaf") was not inlined because the call site will not flatten.  "mpi_wtime_" is missing.

ftn-3118 ftn: IPA MG_UNPACK_SVAF, File = MG_UNPACK_SVAF.F, Line = 122, Column = 44 
  "mg_timer" (called from "mg_unpack_svaf") was not inlined because the call site will not flatten.  "mpi_wtime_" is missing.

ftn-3118 ftn: IPA MG_UNPACK_SVAF, File = MG_UNPACK_SVAF.F, Line = 124, Column = 44 
  "mg_timer" (called from "mg_unpack_svaf") was not inlined because the call site will not flatten.  "mpi_wtime_" is missing.

ftn-3118 ftn: IPA MG_UNPACK_SVAF, File = MG_UNPACK_SVAF.F, Line = 130, Column = 44 
  "mg_timer" (called from "mg_unpack_svaf") was not inlined because the call site will not flatten.  "mpi_wtime_" is missing.

ftn-3118 ftn: IPA MG_UNPACK_SVAF, File = MG_UNPACK_SVAF.F, Line = 132, Column = 44 
  "mg_timer" (called from "mg_unpack_svaf") was not inlined because the call site will not flatten.  "mpi_wtime_" is missing.

ftn-3118 ftn: IPA MG_UNPACK_SVAF, File = MG_UNPACK_SVAF.F, Line = 134, Column = 44 
  "mg_timer" (called from "mg_unpack_svaf") was not inlined because the call site will not flatten.  "mpi_wtime_" is missing.

ftn-3118 ftn: IPA MG_UNPACK_SVAF, File = MG_UNPACK_SVAF.F, Line = 136, Column = 30 
  "mg_timer" (called from "mg_unpack_svaf") was not inlined because the call site will not flatten.  "mpi_wtime_" is missing.

ftn-3172 ftn: IPA MG_UNPACK_SVAF, File = MG_UNPACK_SVAF.F, Line = 139, Column = 18 
  "get_face" (called from "mg_unpack_svaf") was not inlined because the enclosing loop body did not completely flatten.

ftn-3118 ftn: IPA MG_UNPACK_SVAF, File = MG_UNPACK_SVAF.F, Line = 143, Column = 43 
  "mg_timer" (called from "mg_unpack_svaf") was not inlined because the call site will not flatten.  "mpi_wtime_" is missing.

ftn-3118 ftn: IPA MG_UNPACK_SVAF, File = MG_UNPACK_SVAF.F, Line = 146, Column = 43 
  "mg_timer" (called from "mg_unpack_svaf") was not inlined because the call site will not flatten.  "mpi_wtime_" is missing.

ftn-3118 ftn: IPA MG_UNPACK_SVAF, File = MG_UNPACK_SVAF.F, Line = 149, Column = 43 
  "mg_timer" (called from "mg_unpack_svaf") was not inlined because the call site will not flatten.  "mpi_wtime_" is missing.

ftn-3118 ftn: IPA MG_UNPACK_SVAF, File = MG_UNPACK_SVAF.F, Line = 155, Column = 12 
  "mg_assert" (called from "mg_unpack_svaf") was not inlined because the call site will not flatten.  "mpi_abort_" is missing.

ftn-3118 ftn: IPA MG_UNPACK_SVAF, File = MG_UNPACK_SVAF.F, Line = 157, Column = 12 
  "mg_assert" (called from "mg_unpack_svaf") was not inlined because the call site will not flatten.  "mpi_abort_" is missing.

ftn-3118 ftn: IPA MG_UNPACK_SVAF, File = MG_UNPACK_SVAF.F, Line = 164, Column = 57 
  "mg_timer" (called from "mg_unpack_svaf") was not inlined because the call site will not flatten.  "mpi_wtime_" is missing.



%%%%%%%%%%%%%%%%%%%%%%%%%%%%%%%%%%%%%%%%%%%%%%%%%%%%%%%%%%%%%%%%%%%%%%%%%%%%%%%%
            C r o s s   R e f e r e n c e   for   MG_UNPACK_SVAF_MOD
%%%%%%%%%%%%%%%%%%%%%%%%%%%%%%%%%%%%%%%%%%%%%%%%%%%%%%%%%%%%%%%%%%%%%%%%%%%%%%%%

Name                                      Storage/Owner                   
----                                      -------------                   

BACK                                      Module MG_CONSTANTS_MOD         
  Parameter, Integer(kind=4), Use assoc
  Declared  
  Defined   
  Referenced     119     129     141
  Referenced in contained procedure

EAST                                      Module MG_CONSTANTS_MOD         
  Parameter, Integer(kind=4), Use assoc
  Declared  
  Defined   
  Referenced     121     131     144
  Referenced in contained procedure

FRONT                                     Module MG_CONSTANTS_MOD         
  Parameter, Integer(kind=4), Use assoc
  Declared  
  Defined   
  Referenced     119     129     141
  Referenced in contained procedure

GET_FACE                                  Module MG_GET_FACE_MOD          
  Subroutine, Module procedure
  Declared  
  Defined   
  Referenced     139

GET_FACE                                  Module MG_GET_FACE_MOD          
  Subroutine, Module procedure
  Declared  
  Defined   
  Referenced     139

GRID                                      MG_UNPACK_SVAF                  
  Dummy Argument, Real(kind=8), Dimension(0:<exp>,0:<exp>,0:<exp>),
                                                        Intent(inout)
  Declared        46      60
  Defined   
  Referenced     139

I                                         Stack                           
  Variable, Integer
  Declared        68
  Defined        118
  Referenced     119     121     123

IERR                                      MG_UNPACK_SVAF                  
  Dummy Argument, Integer, Intent(out)
  Declared        46      57
  Defined         90
  Referenced     112     113     139

ISTAT                                     Stack                           
  Variable, Integer, Dimension(5)
  Declared        75
  Defined   
  Referenced     112     113

IWHICH                                    Stack                           
  Variable, Integer
  Declared        67
  Defined   
  Referenced     112     115     118     129     131     133     139     141     144     147

L                                         Stack                           
  Variable, Integer
  Declared        68
  Defined   
  Referenced

MAX_NUM_RECVS                             Module MG_CONSTANTS_MOD         
  Integer(kind=4), Use assoc
  Declared  
  Defined   
  Referenced     115     118
  Referenced in contained procedure

MAX_NUM_SENDS                             Module MG_CONSTANTS_MOD         
  Integer(kind=4), Use assoc
  Declared  
  Defined   
  Referenced
  Referenced in contained procedure

MG_ASSERT                                 Module MG_UTILS_MOD             
  Subroutine, Module procedure
  Declared  
  Defined   
  Referenced     113     113     155     157

MG_ASSERT                                 Module MG_UTILS_MOD             
  Subroutine, Module procedure
  Declared  
  Defined   
  Referenced     113     113     155     157

MG_CONSTANTS_MOD                                                          
  Module, Used indirectly (from module MG_UTILS_MOD)
  Declared  
  Defined   
  Referenced

MG_CONSTANTS_MOD                                                          
  Module
  Declared  
  Defined   
  Referenced      35

MG_CONSTANTS_MOD                                                          
  Module, Used indirectly (from module MG_GET_FACE_MOD)
  Declared  
  Defined   
  Referenced

MG_CONSTANTS_MOD                                                          
  Module, Used indirectly (from module MG_PROFILING_MOD)
  Declared  
  Defined   
  Referenced

MG_ENV_MOD                                                                
  Module, Used indirectly (from module MG_PROFILING_MOD)
  Declared  
  Defined   
  Referenced

MG_GET_FACE_MOD                                                           
  Module
  Declared  
  Defined   
  Referenced      37

MG_OPTIONS_MOD                                                            
  Module, Used indirectly (from module MG_PROFILING_MOD)
  Declared  
  Defined   
  Referenced

MG_OPTIONS_MOD                                                            
  Module, Used indirectly (from module MG_UTILS_MOD)
  Declared  
  Defined   
  Referenced

MG_OPTIONS_MOD                                                            
  Module, Used indirectly (from module MG_GET_FACE_MOD)
  Declared  
  Defined   
  Referenced

MG_PERF                                   Module MG_PROFILING_MOD         
  TYPE(PERF_CHECK), Use assoc
  Declared  
  Defined        142     145     148     164     166     167     168     169
  Referenced
  Referenced in contained procedure

MG_PROFILING_MOD                                                          
  Module
  Declared  
  Defined   
  Referenced      38

MG_REAL                                   Module MG_CONSTANTS_MOD         
  Parameter, Integer(kind=1), Use assoc
  Declared  
  Defined   
  Referenced      59
  Referenced in contained procedure

MG_REAL8                                  Module MG_CONSTANTS_MOD         
  Parameter, Integer(kind=1), Use assoc
  Declared  
  Defined   
  Referenced      78
  Referenced in contained procedure

MG_TIMER                                  Module MG_UTILS_MOD             
  Function, Double Precision, result(MG_TIMER), Module procedure
  Declared  
  Defined   
  Referenced     101     111     120     122     124     130     132     134     136     143     146     149     164

MG_TIMER                                  Module MG_UTILS_MOD             
  Function, Double Precision, result(MG_TIMER), Module procedure
  Declared  
  Defined   
  Referenced     101     111     120     122     124     130     132     134     136     143     146     149     164

MG_UNPACK_SVAF                                                            
  Subroutine, Module procedure
  Declared        46
  Defined   
  Referenced

MG_UNPACK_SVAF_MOD                                                        
  Module
  Declared        28
  Defined   
  Referenced

MG_UTILS_MOD                                                              
  Module, Used indirectly (from module MG_GET_FACE_MOD)
  Declared  
  Defined   
  Referenced

MG_UTILS_MOD                                                              
  Module
  Declared  
  Defined   
  Referenced      36

MG_UTILS_MOD                                                              
  Module, Used indirectly (from module MG_PROFILING_MOD)
  Declared  
  Defined   
  Referenced

MPIFCMB5                                  Module MG_CONSTANTS_MOD         
  Common block 
  Declared  
  Defined   
  Referenced

MPIFCMB9                                  Module MG_CONSTANTS_MOD         
  Common block 
  Declared  
  Defined   
  Referenced

MPIPRIV1                                  Module MG_CONSTANTS_MOD         
  Common block 
  Declared  
  Defined   
  Referenced

MPIPRIV2                                  Module MG_CONSTANTS_MOD         
  Common block 
  Declared  
  Defined   
  Referenced

MPIPRIVC                                  Module MG_CONSTANTS_MOD         
  Common block 
  Declared  
  Defined   
  Referenced

MPI_ERROR                                 Module MG_CONSTANTS_MOD         
  Parameter, Integer, Use assoc
  Declared  
  Defined   
  Referenced     113
  Referenced in contained procedure

MPI_STATUS_SIZE                           Module MG_CONSTANTS_MOD         
  Parameter, Integer, Use assoc
  Declared  
  Defined   
  Referenced      75
  Referenced in contained procedure

MPI_WAITANY                                                               
  Subroutine, External
  Declared  
  Defined   
  Referenced     112

MSG_REQS                                  Module MG_CONSTANTS_MOD         
  Integer(kind=4), Use assoc, Dimension(:), Allocatable
  Declared  
  Defined   
  Referenced     112
  Referenced in contained procedure

NORTH                                     Module MG_CONSTANTS_MOD         
  Parameter, Integer(kind=4), Use assoc
  Declared  
  Defined   
  Referenced     123     133     147
  Referenced in contained procedure

NUMPES                                    Module MG_CONSTANTS_MOD         
  Integer(kind=4), Use assoc
  Declared  
  Defined   
  Referenced      92
  Referenced in contained procedure

NUM_RECVS                                 Module MG_CONSTANTS_MOD         
  Integer(kind=4), Use assoc
  Declared  
  Defined        160
  Referenced     104     109     158
  Referenced in contained procedure

NUM_RECVS_OUTSTANDING                     Stack                           
  Variable, Integer
  Declared        69
  Defined        104     140
  Referenced     157

NUM_SENDS                                 Module MG_CONSTANTS_MOD         
  Integer(kind=4), Use assoc
  Declared  
  Defined        161
  Referenced     103     109     156
  Referenced in contained procedure

NUM_SENDS_OUTSTANDING                     Stack                           
  Variable, Integer
  Declared        70
  Defined        103     117
  Referenced     155

NX                                        Module MG_OPTIONS_MOD           
  Integer, Use assoc
  Declared  
  Defined   
  Referenced
  Referenced in contained procedure

NY                                        Module MG_OPTIONS_MOD           
  Integer, Use assoc
  Declared  
  Defined   
  Referenced
  Referenced in contained procedure

NZ                                        Module MG_OPTIONS_MOD           
  Integer, Use assoc
  Declared  
  Defined   
  Referenced
  Referenced in contained procedure

OFFSET                                    Stack                           
  Variable, Integer
  Declared        71
  Defined        138
  Referenced     139

SOUTH                                     Module MG_CONSTANTS_MOD         
  Parameter, Integer(kind=4), Use assoc
  Declared  
  Defined   
  Referenced     123     133     147
  Referenced in contained procedure

TIME_START                                Stack                           
  Variable, Real(kind=8)
  Declared        79
  Defined        101
  Referenced     165

TIME_START_DIR                            Stack                           
  Variable, Real(kind=8)
  Declared        80
  Defined        111     136
  Referenced     120     122     124     130     132     134     143     146     149

TIME_UNPACK_PE                            Structure offset=1792           
  Real(kind=8), Component of PERF_CHECK
  Declared  
  Defined   
  Referenced     164

TIME_UNPACK_X_PE                          Structure offset=2240           
  Real(kind=8), Component of PERF_CHECK
  Declared  
  Defined   
  Referenced     145

TIME_UNPACK_Y_PE                          Structure offset=2560           
  Real(kind=8), Component of PERF_CHECK
  Declared  
  Defined   
  Referenced     148

TIME_UNPACK_Z_PE                          Structure offset=2880           
  Real(kind=8), Component of PERF_CHECK
  Declared  
  Defined   
  Referenced     142

TIME_WAIT                                 Stack                           
  Variable, Real(kind=8)
  Declared        81
  Defined        163
  Referenced     165     166

TIME_WAIT_PE                              Structure offset=1856           
  Real(kind=8), Component of PERF_CHECK
  Declared  
  Defined   
  Referenced     166

TIME_WAIT_X                               Stack                           
  Variable, Real(kind=8)
  Declared        82
  Defined         97     122     132
  Referenced     163     167

TIME_WAIT_X_PE                            Structure offset=2112           
  Real(kind=8), Component of PERF_CHECK
  Declared  
  Defined   
  Referenced     167

TIME_WAIT_Y                               Stack                           
  Variable, Real(kind=8)
  Declared        83
  Defined         98     124     134
  Referenced     163     168

TIME_WAIT_Y_PE                            Structure offset=2432           
  Real(kind=8), Component of PERF_CHECK
  Declared  
  Defined   
  Referenced     168

TIME_WAIT_Z                               Stack                           
  Variable, Real(kind=8)
  Declared        84
  Defined         99     120     130
  Referenced     163     169

TIME_WAIT_Z_PE                            Structure offset=2752           
  Real(kind=8), Component of PERF_CHECK
  Declared  
  Defined   
  Referenced     169

WEST                                      Module MG_CONSTANTS_MOD         
  Parameter, Integer(kind=4), Use assoc
  Declared  
  Defined   
  Referenced     121     131     144
  Referenced in contained procedure


%%%%%%%%%%%%%%%%%%%%%%%%%%%%%%%%%%%%%%%%%%%%%%%%%%%%%%%%%%%%%%%%%%%%%%%%%%%%%%%%
                     C o m m o n   B l o c k   R e p o r t
%%%%%%%%%%%%%%%%%%%%%%%%%%%%%%%%%%%%%%%%%%%%%%%%%%%%%%%%%%%%%%%%%%%%%%%%%%%%%%%%

Blk  Program Unit                     Messages
---  ------------                     --------
/MPIFCMB5/                            Length: 4 bytes

     MG_UNPACK_SVAF_MOD               Block is used from MG_CONSTANTS_MOD

Blk  Program Unit                     Messages
---  ------------                     --------
/MPIFCMB9/                            Length: 4 bytes

     MG_UNPACK_SVAF_MOD               Block is used from MG_CONSTANTS_MOD

Blk  Program Unit                     Messages
---  ------------                     --------
/MPIPRIV1/                            Length: 28 bytes

     MG_UNPACK_SVAF_MOD               Block is used from MG_CONSTANTS_MOD

Blk  Program Unit                     Messages
---  ------------                     --------
/MPIPRIV2/                            Length: 24 bytes

     MG_UNPACK_SVAF_MOD               Block is used from MG_CONSTANTS_MOD

Blk  Program Unit                     Messages
---  ------------                     --------
/MPIPRIVC/                            Length: 2 bytes

     MG_UNPACK_SVAF_MOD               Block is used from MG_CONSTANTS_MOD


%%%%%%%%%%%%%%%%%%%%%%%%%%%%%%%%%%%%%%%%%%%%%%%%%%%%%%%%%%%%%%%%%%%%%%%%%%%%%%%%
                         E x t e r n a l   R e p o r t
%%%%%%%%%%%%%%%%%%%%%%%%%%%%%%%%%%%%%%%%%%%%%%%%%%%%%%%%%%%%%%%%%%%%%%%%%%%%%%%%

Name  Messages
----  --------
ENV in MG_ENV_MOD
      Defined as:  No definitions.

                   No calls.  It is not called and does not use any procedure.

      Interface:   None

Name  Messages
----  --------
GET_FACE in MG_GET_FACE_MOD
      Defined as:  No definitions.

      Interface:   None

      Called By:   MG_UNPACK_SVAF in MG_UNPACK_SVAF_MOD (Line 139, file MG_UNPACK_SVAF.F)

Name  Messages
----  --------
MG_ASSERT in MG_UTILS_MOD
      Defined as:  No definitions.

      Interface:   None

      Called By:   MG_UNPACK_SVAF in MG_UNPACK_SVAF_MOD (Line 113, file MG_UNPACK_SVAF.F)

Name  Messages
----  --------
MG_COMPUTE_STDDEV in MG_UTILS_MOD
      Defined as:  No definitions.

                   No calls.  It is not called and does not use any procedure.

      Interface:   None

Name  Messages
----  --------
MG_CONSTANTS_MOD
      Defined as:  No definitions.

      Used By:     MG_UNPACK_SVAF_MOD
                   MG_UNPACK_SVAF_MOD  (indirectly)
                   MG_UNPACK_SVAF_MOD  (indirectly)
                   MG_UNPACK_SVAF_MOD  (indirectly)

Name  Messages
----  --------
MG_ENV_MOD
      Defined as:  No definitions.

      Used By:     MG_UNPACK_SVAF_MOD  (indirectly)

Name  Messages
----  --------
MG_GET_FACE in MG_GET_FACE_MOD
      Defined as:  No definitions.

                   No calls.  It is not called and does not use any procedure.

      Interface:   None

Name  Messages
----  --------
MG_GET_FACE_MOD
      Defined as:  No definitions.

      Used By:     MG_UNPACK_SVAF_MOD

Name  Messages
----  --------
MG_GRID_DEALLOC in MG_UTILS_MOD
      Defined as:  No definitions.

                   No calls.  It is not called and does not use any procedure.

      Interface:   None

Name  Messages
----  --------
MG_GRID_INIT in MG_UTILS_MOD
      Defined as:  No definitions.

                   No calls.  It is not called and does not use any procedure.

      Interface:   None

Name  Messages
----  --------
MG_INIT in MG_UTILS_MOD
      Defined as:  No definitions.

                   No calls.  It is not called and does not use any procedure.

      Interface:   None

Name  Messages
----  --------
MG_INIT_GRID in MG_UTILS_MOD
      Defined as:  No definitions.

                   No calls.  It is not called and does not use any procedure.

      Interface:   None

Name  Messages
----  --------
MG_INSERT_SPIKE in MG_UTILS_MOD
      Defined as:  No definitions.

                   No calls.  It is not called and does not use any procedure.

      Interface:   None

Name  Messages
----  --------
MG_OPTIONS_MOD
      Defined as:  No definitions.

      Used By:     MG_UNPACK_SVAF_MOD  (indirectly)
                   MG_UNPACK_SVAF_MOD  (indirectly)
                   MG_UNPACK_SVAF_MOD  (indirectly)

Name  Messages
----  --------
MG_PERF_INIT in MG_PROFILING_MOD
      Defined as:  No definitions.

                   No calls.  It is not called and does not use any procedure.

      Interface:   None

Name  Messages
----  --------
MG_PERF_REPORT in MG_PROFILING_MOD
      Defined as:  No definitions.

                   No calls.  It is not called and does not use any procedure.

      Interface:   None

Name  Messages
----  --------
MG_PRINT_HEADER in MG_UTILS_MOD
      Defined as:  No definitions.

                   No calls.  It is not called and does not use any procedure.

      Interface:   None

Name  Messages
----  --------
MG_PROFILING_MOD
      Defined as:  No definitions.

      Used By:     MG_UNPACK_SVAF_MOD

Name  Messages
----  --------
MG_TIMER in MG_UTILS_MOD
      Defined as:  No definitions.

      Interface:   None

      Called By:   MG_UNPACK_SVAF in MG_UNPACK_SVAF_MOD (Line 101, file MG_UNPACK_SVAF.F)
                   MG_UNPACK_SVAF in MG_UNPACK_SVAF_MOD (Line 111, file MG_UNPACK_SVAF.F)
                   MG_UNPACK_SVAF in MG_UNPACK_SVAF_MOD (Line 120, file MG_UNPACK_SVAF.F)
                   MG_UNPACK_SVAF in MG_UNPACK_SVAF_MOD (Line 122, file MG_UNPACK_SVAF.F)
                   MG_UNPACK_SVAF in MG_UNPACK_SVAF_MOD (Line 124, file MG_UNPACK_SVAF.F)
                   MG_UNPACK_SVAF in MG_UNPACK_SVAF_MOD (Line 130, file MG_UNPACK_SVAF.F)
                   MG_UNPACK_SVAF in MG_UNPACK_SVAF_MOD (Line 132, file MG_UNPACK_SVAF.F)
                   MG_UNPACK_SVAF in MG_UNPACK_SVAF_MOD (Line 134, file MG_UNPACK_SVAF.F)
                   MG_UNPACK_SVAF in MG_UNPACK_SVAF_MOD (Line 136, file MG_UNPACK_SVAF.F)
                   MG_UNPACK_SVAF in MG_UNPACK_SVAF_MOD (Line 143, file MG_UNPACK_SVAF.F)
                   MG_UNPACK_SVAF in MG_UNPACK_SVAF_MOD (Line 146, file MG_UNPACK_SVAF.F)
                   MG_UNPACK_SVAF in MG_UNPACK_SVAF_MOD (Line 149, file MG_UNPACK_SVAF.F)
                   MG_UNPACK_SVAF in MG_UNPACK_SVAF_MOD (Line 164, file MG_UNPACK_SVAF.F)

Name  Messages
----  --------
MG_UNPACK_SVAF in MG_UNPACK_SVAF_MOD
      Defined as:  Subroutine (line 46, file MG_UNPACK_SVAF.F)

      Interface:   None

      Calls:       GET_FACE in MG_GET_FACE_MOD (Line 139, file MG_UNPACK_SVAF.F)
                   MG_ASSERT in MG_UTILS_MOD (Line 113, file MG_UNPACK_SVAF.F)
                   MG_TIMER in MG_UTILS_MOD (Line 101, file MG_UNPACK_SVAF.F)
                   MG_TIMER in MG_UTILS_MOD (Line 111, file MG_UNPACK_SVAF.F)
                   MG_TIMER in MG_UTILS_MOD (Line 120, file MG_UNPACK_SVAF.F)
                   MG_TIMER in MG_UTILS_MOD (Line 122, file MG_UNPACK_SVAF.F)
                   MG_TIMER in MG_UTILS_MOD (Line 124, file MG_UNPACK_SVAF.F)
                   MG_TIMER in MG_UTILS_MOD (Line 130, file MG_UNPACK_SVAF.F)
                   MG_TIMER in MG_UTILS_MOD (Line 132, file MG_UNPACK_SVAF.F)
                   MG_TIMER in MG_UTILS_MOD (Line 134, file MG_UNPACK_SVAF.F)
                   MG_TIMER in MG_UTILS_MOD (Line 136, file MG_UNPACK_SVAF.F)
                   MG_TIMER in MG_UTILS_MOD (Line 143, file MG_UNPACK_SVAF.F)
                   MG_TIMER in MG_UTILS_MOD (Line 146, file MG_UNPACK_SVAF.F)
                   MG_TIMER in MG_UTILS_MOD (Line 149, file MG_UNPACK_SVAF.F)
                   MG_TIMER in MG_UTILS_MOD (Line 164, file MG_UNPACK_SVAF.F)
                   MPI_WAITANY (Line 112, file MG_UNPACK_SVAF.F)

Name  Messages
----  --------
MG_UNPACK_SVAF_MOD
      Defined as:  Module (line 28, file MG_UNPACK_SVAF.F)

        Uses:      MG_CONSTANTS_MOD
                   MG_UTILS_MOD
                   MG_OPTIONS_MOD  (indirectly)
                   MG_CONSTANTS_MOD  (indirectly)
                   MG_GET_FACE_MOD
                   MG_OPTIONS_MOD  (indirectly)
                   MG_UTILS_MOD  (indirectly)
                   MG_CONSTANTS_MOD  (indirectly)
                   MG_PROFILING_MOD
                   MG_OPTIONS_MOD  (indirectly)
                   MG_ENV_MOD  (indirectly)
                   MG_UTILS_MOD  (indirectly)
                   MG_CONSTANTS_MOD  (indirectly)

Name  Messages
----  --------
MG_UTILS_MOD
      Defined as:  No definitions.

      Used By:     MG_UNPACK_SVAF_MOD
                   MG_UNPACK_SVAF_MOD  (indirectly)
                   MG_UNPACK_SVAF_MOD  (indirectly)

Name  Messages
----  --------
MPI_COMM_DUP_FN
      Defined as:  No definitions.

                   No calls.  It is not called and does not use any procedure.

Name  Messages
----  --------
MPI_COMM_NULL_COPY_FN
      Defined as:  No definitions.

                   No calls.  It is not called and does not use any procedure.

Name  Messages
----  --------
MPI_COMM_NULL_DELETE_FN
      Defined as:  No definitions.

                   No calls.  It is not called and does not use any procedure.

Name  Messages
----  --------
MPI_CONVERSION_FN_NULL
      Defined as:  No definitions.

                   No calls.  It is not called and does not use any procedure.

Name  Messages
----  --------
MPI_DUP_FN
      Defined as:  No definitions.

                   No calls.  It is not called and does not use any procedure.

Name  Messages
----  --------
MPI_NULL_COPY_FN
      Defined as:  No definitions.

                   No calls.  It is not called and does not use any procedure.

Name  Messages
----  --------
MPI_NULL_DELETE_FN
      Defined as:  No definitions.

                   No calls.  It is not called and does not use any procedure.

Name  Messages
----  --------
MPI_TYPE_DUP_FN
      Defined as:  No definitions.

                   No calls.  It is not called and does not use any procedure.

Name  Messages
----  --------
MPI_TYPE_NULL_COPY_FN
      Defined as:  No definitions.

                   No calls.  It is not called and does not use any procedure.

Name  Messages
----  --------
MPI_TYPE_NULL_DELETE_FN
      Defined as:  No definitions.

                   No calls.  It is not called and does not use any procedure.

Name  Messages
----  --------
MPI_WAITANY
      Defined as:  No definitions.

      Interface:   None

      Called By:   MG_UNPACK_SVAF in MG_UNPACK_SVAF_MOD (Line 112, file MG_UNPACK_SVAF.F)

Name  Messages
----  --------
MPI_WIN_DUP_FN
      Defined as:  No definitions.

                   No calls.  It is not called and does not use any procedure.

Name  Messages
----  --------
MPI_WIN_NULL_COPY_FN
      Defined as:  No definitions.

                   No calls.  It is not called and does not use any procedure.

Name  Messages
----  --------
MPI_WIN_NULL_DELETE_FN
      Defined as:  No definitions.

                   No calls.  It is not called and does not use any procedure.

Name  Messages
----  --------
MPI_WTICK
      Defined as:  No definitions.

                   No calls.  It is not called and does not use any procedure.

      Interface:   None

Name  Messages
----  --------
MPI_WTIME
      Defined as:  No definitions.

                   No calls.  It is not called and does not use any procedure.

      Interface:   None

Name  Messages
----  --------
PMPI_WTICK
      Defined as:  No definitions.

                   No calls.  It is not called and does not use any procedure.

      Interface:   None

Name  Messages
----  --------
PMPI_WTIME
      Defined as:  No definitions.

                   No calls.  It is not called and does not use any procedure.

      Interface:   None


%%%%%%%%%%%%%%%%%%%%%%%%%%%%%%%%%%%%%%%%%%%%%%%%%%%%%%%%%%%%%%%%%%%%%%%%%%%%%%%%
%%%%%%%%%%%%%%%%%%%%%%%%%%%%%%%%%%%%%%%%%%%%%%%%%%%%%%%%%%%%%%%%%%%%%%%%%%%%%%%%
